Archive member included to satisfy reference by file (symbol)

c:/st/stm32cubeide_1.8.0/stm32cubeide/plugins/com.st.stm32cube.ide.mcu.externaltools.gnu-tools-for-stm32.9-2020-q2-update.win32_2.0.0.202105311346/tools/bin/../lib/gcc/arm-none-eabi/9.3.1/../../../../arm-none-eabi/lib/thumb/v7-m/nofp\libc_nano.a(lib_a-errno.o)
                              ./Core/Src/syscalls.o (__errno)
c:/st/stm32cubeide_1.8.0/stm32cubeide/plugins/com.st.stm32cube.ide.mcu.externaltools.gnu-tools-for-stm32.9-2020-q2-update.win32_2.0.0.202105311346/tools/bin/../lib/gcc/arm-none-eabi/9.3.1/../../../../arm-none-eabi/lib/thumb/v7-m/nofp\libc_nano.a(lib_a-exit.o)
                              c:/st/stm32cubeide_1.8.0/stm32cubeide/plugins/com.st.stm32cube.ide.mcu.externaltools.gnu-tools-for-stm32.9-2020-q2-update.win32_2.0.0.202105311346/tools/bin/../lib/gcc/arm-none-eabi/9.3.1/../../../../arm-none-eabi/lib/thumb/v7-m/nofp/crt0.o (exit)
c:/st/stm32cubeide_1.8.0/stm32cubeide/plugins/com.st.stm32cube.ide.mcu.externaltools.gnu-tools-for-stm32.9-2020-q2-update.win32_2.0.0.202105311346/tools/bin/../lib/gcc/arm-none-eabi/9.3.1/../../../../arm-none-eabi/lib/thumb/v7-m/nofp\libc_nano.a(lib_a-impure.o)
                              c:/st/stm32cubeide_1.8.0/stm32cubeide/plugins/com.st.stm32cube.ide.mcu.externaltools.gnu-tools-for-stm32.9-2020-q2-update.win32_2.0.0.202105311346/tools/bin/../lib/gcc/arm-none-eabi/9.3.1/../../../../arm-none-eabi/lib/thumb/v7-m/nofp\libc_nano.a(lib_a-exit.o) (_global_impure_ptr)
c:/st/stm32cubeide_1.8.0/stm32cubeide/plugins/com.st.stm32cube.ide.mcu.externaltools.gnu-tools-for-stm32.9-2020-q2-update.win32_2.0.0.202105311346/tools/bin/../lib/gcc/arm-none-eabi/9.3.1/../../../../arm-none-eabi/lib/thumb/v7-m/nofp\libc_nano.a(lib_a-init.o)
                              c:/st/stm32cubeide_1.8.0/stm32cubeide/plugins/com.st.stm32cube.ide.mcu.externaltools.gnu-tools-for-stm32.9-2020-q2-update.win32_2.0.0.202105311346/tools/bin/../lib/gcc/arm-none-eabi/9.3.1/../../../../arm-none-eabi/lib/thumb/v7-m/nofp/crt0.o (__libc_init_array)
c:/st/stm32cubeide_1.8.0/stm32cubeide/plugins/com.st.stm32cube.ide.mcu.externaltools.gnu-tools-for-stm32.9-2020-q2-update.win32_2.0.0.202105311346/tools/bin/../lib/gcc/arm-none-eabi/9.3.1/../../../../arm-none-eabi/lib/thumb/v7-m/nofp\libc_nano.a(lib_a-memset.o)
                              c:/st/stm32cubeide_1.8.0/stm32cubeide/plugins/com.st.stm32cube.ide.mcu.externaltools.gnu-tools-for-stm32.9-2020-q2-update.win32_2.0.0.202105311346/tools/bin/../lib/gcc/arm-none-eabi/9.3.1/../../../../arm-none-eabi/lib/thumb/v7-m/nofp/crt0.o (memset)
c:/st/stm32cubeide_1.8.0/stm32cubeide/plugins/com.st.stm32cube.ide.mcu.externaltools.gnu-tools-for-stm32.9-2020-q2-update.win32_2.0.0.202105311346/tools/bin/../lib/gcc/arm-none-eabi/9.3.1/../../../../arm-none-eabi/lib/thumb/v7-m/nofp\libc_nano.a(lib_a-sprintf.o)
                              ./Core/Src/main.o (sprintf)
c:/st/stm32cubeide_1.8.0/stm32cubeide/plugins/com.st.stm32cube.ide.mcu.externaltools.gnu-tools-for-stm32.9-2020-q2-update.win32_2.0.0.202105311346/tools/bin/../lib/gcc/arm-none-eabi/9.3.1/../../../../arm-none-eabi/lib/thumb/v7-m/nofp\libc_nano.a(lib_a-strlen.o)
                              ./Core/Src/main.o (strlen)
c:/st/stm32cubeide_1.8.0/stm32cubeide/plugins/com.st.stm32cube.ide.mcu.externaltools.gnu-tools-for-stm32.9-2020-q2-update.win32_2.0.0.202105311346/tools/bin/../lib/gcc/arm-none-eabi/9.3.1/../../../../arm-none-eabi/lib/thumb/v7-m/nofp\libc_nano.a(lib_a-strstr.o)
                              ./Core/Src/main.o (strstr)
c:/st/stm32cubeide_1.8.0/stm32cubeide/plugins/com.st.stm32cube.ide.mcu.externaltools.gnu-tools-for-stm32.9-2020-q2-update.win32_2.0.0.202105311346/tools/bin/../lib/gcc/arm-none-eabi/9.3.1/../../../../arm-none-eabi/lib/thumb/v7-m/nofp\libc_nano.a(lib_a-nano-svfprintf.o)
                              c:/st/stm32cubeide_1.8.0/stm32cubeide/plugins/com.st.stm32cube.ide.mcu.externaltools.gnu-tools-for-stm32.9-2020-q2-update.win32_2.0.0.202105311346/tools/bin/../lib/gcc/arm-none-eabi/9.3.1/../../../../arm-none-eabi/lib/thumb/v7-m/nofp\libc_nano.a(lib_a-sprintf.o) (_svfprintf_r)
c:/st/stm32cubeide_1.8.0/stm32cubeide/plugins/com.st.stm32cube.ide.mcu.externaltools.gnu-tools-for-stm32.9-2020-q2-update.win32_2.0.0.202105311346/tools/bin/../lib/gcc/arm-none-eabi/9.3.1/../../../../arm-none-eabi/lib/thumb/v7-m/nofp\libc_nano.a(lib_a-nano-vfprintf_i.o)
                              c:/st/stm32cubeide_1.8.0/stm32cubeide/plugins/com.st.stm32cube.ide.mcu.externaltools.gnu-tools-for-stm32.9-2020-q2-update.win32_2.0.0.202105311346/tools/bin/../lib/gcc/arm-none-eabi/9.3.1/../../../../arm-none-eabi/lib/thumb/v7-m/nofp\libc_nano.a(lib_a-nano-svfprintf.o) (_printf_i)
c:/st/stm32cubeide_1.8.0/stm32cubeide/plugins/com.st.stm32cube.ide.mcu.externaltools.gnu-tools-for-stm32.9-2020-q2-update.win32_2.0.0.202105311346/tools/bin/../lib/gcc/arm-none-eabi/9.3.1/../../../../arm-none-eabi/lib/thumb/v7-m/nofp\libc_nano.a(lib_a-memchr-stub.o)
[...]
Memory Configuration

Name             Origin             Length             Attributes
RAM              0x0000000020000000 0x0000000000008000 xrw
FLASH            0x0000000008002000 0x0000000000005800 xr
*default*        0x0000000000000000 0xffffffffffffffff

Linker script and memory map

LOAD c:/st/stm32cubeide_1.8.0/stm32cubeide/plugins/com.st.stm32cube.ide.mcu.externaltools.gnu-tools-for-stm32.9-2020-q2-update.win32_2.0.0.202105311346/tools/bin/../lib/gcc/arm-none-eabi/9.3.1/thumb/v7-m/nofp/crti.o
LOAD c:/st/stm32cubeide_1.8.0/stm32cubeide/plugins/com.st.stm32cube.ide.mcu.externaltools.gnu-tools-for-stm32.9-2020-q2-update.win32_2.0.0.202105311346/tools/bin/../lib/gcc/arm-none-eabi/9.3.1/thumb/v7-m/nofp/crtbegin.o
LOAD c:/st/stm32cubeide_1.8.0/stm32cubeide/plugins/com.st.stm32cube.ide.mcu.externaltools.gnu-tools-for-stm32.9-2020-q2-update.win32_2.0.0.202105311346/tools/bin/../lib/gcc/arm-none-eabi/9.3.1/../../../../arm-none-eabi/lib/thumb/v7-m/nofp/crt0.o
LOAD ./Core/Src/main.o
LOAD ./Core/Src/stm32l1xx_hal_msp.o
LOAD ./Core/Src/stm32l1xx_it.o
LOAD ./Core/Src/syscalls.o
LOAD ./Core/Src/sysmem.o
LOAD ./Core/Src/system_stm32l1xx.o
LOAD ./Core/Startup/startup_stm32l152cctx.o
LOAD ./Drivers/STM32L1xx_HAL_Driver/Src/stm32l1xx_hal.o
LOAD ./Drivers/STM32L1xx_HAL_Driver/Src/stm32l1xx_hal_cortex.o
LOAD ./Drivers/STM32L1xx_HAL_Driver/Src/stm32l1xx_hal_crc.o
LOAD ./Drivers/STM32L1xx_HAL_Driver/Src/stm32l1xx_hal_dma.o
LOAD ./Drivers/STM32L1xx_HAL_Driver/Src/stm32l1xx_hal_exti.o
LOAD ./Drivers/STM32L1xx_HAL_Driver/Src/stm32l1xx_hal_flash.o
LOAD ./Drivers/STM32L1xx_HAL_Driver/Src/stm32l1xx_hal_flash_ex.o
LOAD ./Drivers/STM32L1xx_HAL_Driver/Src/stm32l1xx_hal_flash_ramfunc.o
LOAD ./Drivers/STM32L1xx_HAL_Driver/Src/stm32l1xx_hal_gpio.o
LOAD ./Drivers/STM32L1xx_HAL_Driver/Src/stm32l1xx_hal_pwr.o
LOAD ./Drivers/STM32L1xx_HAL_Driver/Src/stm32l1xx_hal_pwr_ex.o
LOAD ./Drivers/STM32L1xx_HAL_Driver/Src/stm32l1xx_hal_rcc.o
LOAD ./Drivers/STM32L1xx_HAL_Driver/Src/stm32l1xx_hal_rcc_ex.o
LOAD ./Drivers/STM32L1xx_HAL_Driver/Src/stm32l1xx_hal_tim.o
LOAD ./Drivers/STM32L1xx_HAL_Driver/Src/stm32l1xx_hal_tim_ex.o
LOAD ./Drivers/STM32L1xx_HAL_Driver/Src/stm32l1xx_hal_uart.o
LOAD ./OTA/FLASH/flash.o
LOAD ./OTA/SIM7x00/sim7x00.o
START GROUP
LOAD c:/st/stm32cubeide_1.8.0/stm32cubeide/plugins/com.st.stm32cube.ide.mcu.externaltools.gnu-tools-for-stm32.9-2020-q2-update.win32_2.0.0.202105311346/tools/bin/../lib/gcc/arm-none-eabi/9.3.1/../../../../arm-none-eabi/lib/thumb/v7-m/nofp\libc_nano.a
LOAD c:/st/stm32cubeide_1.8.0/stm32cubeide/plugins/com.st.stm32cube.ide.mcu.externaltools.gnu-tools-for-stm32.9-2020-q2-update.win32_2.0.0.202105311346/tools/bin/../lib/gcc/arm-none-eabi/9.3.1/../../../../arm-none-eabi/lib/thumb/v7-m/nofp\libm.a
END GROUP
START GROUP
LOAD c:/st/stm32cubeide_1.8.0/stm32cubeide/plugins/com.st.stm32cube.ide.mcu.externaltools.gnu-tools-for-stm32.9-2020-q2-update.win32_2.0.0.202105311346/tools/bin/../lib/gcc/arm-none-eabi/9.3.1/thumb/v7-m/nofp\libgcc.a
LOAD c:/st/stm32cubeide_1.8.0/stm32cubeide/plugins/com.st.stm32cube.ide.mcu.externaltools.gnu-tools-for-stm32.9-2020-q2-update.win32_2.0.0.202105311346/tools/bin/../lib/gcc/arm-none-eabi/9.3.1/../../../../arm-none-eabi/lib/thumb/v7-m/nofp\libc_nano.a
END GROUP
START GROUP
LOAD c:/st/stm32cubeide_1.8.0/stm32cubeide/plugins/com.st.stm32cube.ide.mcu.externaltools.gnu-tools-for-stm32.9-2020-q2-update.win32_2.0.0.202105311346/tools/bin/../lib/gcc/arm-none-eabi/9.3.1/thumb/v7-m/nofp\libgcc.a
LOAD c:/st/stm32cubeide_1.8.0/stm32cubeide/plugins/com.st.stm32cube.ide.mcu.externaltools.gnu-tools-for-stm32.9-2020-q2-update.win32_2.0.0.202105311346/tools/bin/../lib/gcc/arm-none-eabi/9.3.1/../../../../arm-none-eabi/lib/thumb/v7-m/nofp\libc_nano.a
LOAD c:/st/stm32cubeide_1.8.0/stm32cubeide/plugins/com.st.stm32cube.ide.mcu.externaltools.gnu-tools-for-stm32.9-2020-q2-update.win32_2.0.0.202105311346/tools/bin/../lib/gcc/arm-none-eabi/9.3.1/../../../../arm-none-eabi/lib/thumb/v7-m/nofp\libnosys.a
END GROUP
START GROUP
LOAD c:/st/stm32cubeide_1.8.0/stm32cubeide/plugins/com.st.stm32cube.ide.mcu.externaltools.gnu-tools-for-stm32.9-2020-q2-update.win32_2.0.0.202105311346/tools/bin/../lib/gcc/arm-none-eabi/9.3.1/thumb/v7-m/nofp\libgcc.a
LOAD c:/st/stm32cubeide_1.8.0/stm32cubeide/plugins/com.st.stm32cube.ide.mcu.externaltools.gnu-tools-for-stm32.9-2020-q2-update.win32_2.0.0.202105311346/tools/bin/../lib/gcc/arm-none-eabi/9.3.1/../../../../arm-none-eabi/lib/thumb/v7-m/nofp\libc_nano.a
LOAD c:/st/stm32cubeide_1.8.0/stm32cubeide/plugins/com.st.stm32cube.ide.mcu.externaltools.gnu-tools-for-stm32.9-2020-q2-update.win32_2.0.0.202105311346/tools/bin/../lib/gcc/arm-none-eabi/9.3.1/../../../../arm-none-eabi/lib/thumb/v7-m/nofp\libnosys.a
END GROUP
LOAD c:/st/stm32cubeide_1.8.0/stm32cubeide/plugins/com.st.stm32cube.ide.mcu.externaltools.gnu-tools-for-stm32.9-2020-q2-update.win32_2.0.0.202105311346/tools/bin/../lib/gcc/arm-none-eabi/9.3.1/thumb/v7-m/nofp/crtend.o
LOAD c:/st/stm32cubeide_1.8.0/stm32cubeide/plugins/com.st.stm32cube.ide.mcu.externaltools.gnu-tools-for-stm32.9-2020-q2-update.win32_2.0.0.202105311346/tools/bin/../lib/gcc/arm-none-eabi/9.3.1/thumb/v7-m/nofp/crtn.o
                0x0000000020008000                _estack = (ORIGIN (RAM) + LENGTH (RAM))
                0x0000000000000200                _Min_Heap_Size = 0x200
                0x0000000000000400                _Min_Stack_Size = 0x400

.isr_vector     0x0000000008002000      0x13c
                0x0000000008002000                . = ALIGN (0x4)
 *(.isr_vector)
 .isr_vector    0x0000000008002000      0x13c ./Core/Startup/startup_stm32l152cctx.o
                0x0000000008002000                g_pfnVectors
                0x000000000800213c                . = ALIGN (0x4)

.text           0x000000000800213c     0x3e80
                0x000000000800213c                . = ALIGN (0x4)
 *(.text)
 .text          0x000000000800213c       0x40 c:/st/stm32cubeide_1.8.0/stm32cubeide/plugins/com.st.stm32cube.ide.mcu.externaltools.gnu-tools-for-stm32.9-2020-q2-update.win32_2.0.0.202105311346/tools/bin/../lib/gcc/arm-none-eabi/9.3.1/thumb/v7-m/nofp/crtbegin.o
 .text          0x000000000800217c       0x10 c:/st/stm32cubeide_1.8.0/stm32cubeide/plugins/com.st.stm32cube.ide.mcu.externaltools.gnu-tools-for-stm32.9-2020-q2-update.win32_2.0.0.202105311346/tools/bin/../lib/gcc/arm-none-eabi/9.3.1/../../../../arm-none-eabi/lib/thumb/v7-m/nofp\libc_nano.a(lib_a-strlen.o)
                0x000000000800217c                strlen
 .text          0x000000000800218c       0x30 c:/st/stm32cubeide_1.8.0/stm32cubeide/plugins/com.st.stm32cube.ide.mcu.externaltools.gnu-tools-for-stm32.9-2020-q2-update.win32_2.0.0.202105311346/tools/bin/../lib/gcc/arm-none-eabi/9.3.1/thumb/v7-m/nofp\libgcc.a(_aeabi_uldivmod.o)
                0x000000000800218c                __aeabi_uldivmod
 .text          0x00000000080021bc      0x2c4 c:/st/stm32cubeide_1.8.0/stm32cubeide/plugins/com.st.stm32cube.ide.mcu.externaltools.gnu-tools-for-stm32.9-2020-q2-update.win32_2.0.0.202105311346/tools/bin/../lib/gcc/arm-none-eabi/9.3.1/thumb/v7-m/nofp\libgcc.a(_udivmoddi4.o)
                0x00000000080021bc                __udivmoddi4
 .text          0x0000000008002480        0x4 c:/st/stm32cubeide_1.8.0/stm32cubeide/plugins/com.st.stm32cube.ide.mcu.externaltools.gnu-tools-for-stm32.9-2020-q2-update.win32_2.0.0.202105311346/tools/bin/../lib/gcc/arm-none-eabi/9.3.1/thumb/v7-m/nofp\libgcc.a(_dvmd_tls.o)
                0x0000000008002480                __aeabi_idiv0
                0x0000000008002480                __aeabi_ldiv0
 *(.text*)
 .text.__NVIC_SystemReset
                0x0000000008002484       0x2c ./Core/Src/main.o
 .text._send_AT_cmd
                0x00000000080024b0       0xc0 ./Core/Src/main.o
 .text.HAL_UARTEx_RxEventCallback
                0x0000000008002570       0x28 ./Core/Src/main.o
                0x0000000008002570                HAL_UARTEx_RxEventCallback
 .text.ota_enable_send_AT
                0x0000000008002598       0x1c ./Core/Src/main.o
                0x0000000008002598                ota_enable_send_AT
 .text.ota_disable_send_AT
                0x00000000080025b4       0x30 ./Core/Src/main.o
                0x00000000080025b4                ota_disable_send_AT
 .text.ota_write_firmware
                0x00000000080025e4      0x1bc ./Core/Src/main.o
                0x00000000080025e4                ota_write_firmware
 .text.ota_check_CRC
                0x00000000080027a0       0x38 ./Core/Src/main.o
                0x00000000080027a0                ota_check_CRC
 .text.main     0x00000000080027d8      0x38c ./Core/Src/main.o
                0x00000000080027d8                main
 .text.SystemClock_Config
                0x0000000008002b64       0x9c ./Core/Src/main.o
                0x0000000008002b64                SystemClock_Config
 .text.MX_CRC_Init
                0x0000000008002c00       0x28 ./Core/Src/main.o
 .text.MX_USART2_UART_Init
                0x0000000008002c28       0x54 ./Core/Src/main.o
 .text.MX_DMA_Init
                0x0000000008002c7c       0x3c ./Core/Src/main.o
 .text.MX_GPIO_Init
                0x0000000008002cb8       0x7c ./Core/Src/main.o
 .text.sim7x00_rx_comming
                0x0000000008002d34       0x3c ./Core/Src/main.o
                0x0000000008002d34                sim7x00_rx_comming
 .text.Error_Handler
                0x0000000008002d70        0xc ./Core/Src/main.o
                0x0000000008002d70                Error_Handler
 .text.HAL_MspInit
                0x0000000008002d7c       0x5c ./Core/Src/stm32l1xx_hal_msp.o
                0x0000000008002d7c                HAL_MspInit
 .text.HAL_CRC_MspInit
                0x0000000008002dd8       0x3c ./Core/Src/stm32l1xx_hal_msp.o
                0x0000000008002dd8                HAL_CRC_MspInit
 .text.HAL_UART_MspInit
                0x0000000008002e14       0xec ./Core/Src/stm32l1xx_hal_msp.o
                0x0000000008002e14                HAL_UART_MspInit
 .text.__NVIC_SystemReset
                0x0000000008002f00       0x2c ./Core/Src/stm32l1xx_it.o
 .text.NMI_Handler
                0x0000000008002f2c        0x8 ./Core/Src/stm32l1xx_it.o
                0x0000000008002f2c                NMI_Handler
 .text.HardFault_Handler
                0x0000000008002f34        0x8 ./Core/Src/stm32l1xx_it.o
                0x0000000008002f34                HardFault_Handler
 .text.MemManage_Handler
                0x0000000008002f3c        0x8 ./Core/Src/stm32l1xx_it.o
                0x0000000008002f3c                MemManage_Handler
 .text.BusFault_Handler
                0x0000000008002f44        0x8 ./Core/Src/stm32l1xx_it.o
                0x0000000008002f44                BusFault_Handler
 .text.UsageFault_Handler
                0x0000000008002f4c        0x8 ./Core/Src/stm32l1xx_it.o
                0x0000000008002f4c                UsageFault_Handler
 .text.SVC_Handler
                0x0000000008002f54        0xc ./Core/Src/stm32l1xx_it.o
                0x0000000008002f54                SVC_Handler
 .text.DebugMon_Handler
                0x0000000008002f60        0xc ./Core/Src/stm32l1xx_it.o
                0x0000000008002f60                DebugMon_Handler
 .text.PendSV_Handler
                0x0000000008002f6c        0xc ./Core/Src/stm32l1xx_it.o
                0x0000000008002f6c                PendSV_Handler
 .text.SysTick_Handler
                0x0000000008002f78        0xc ./Core/Src/stm32l1xx_it.o
                0x0000000008002f78                SysTick_Handler
 .text.DMA1_Channel6_IRQHandler
                0x0000000008002f84       0x14 ./Core/Src/stm32l1xx_it.o
                0x0000000008002f84                DMA1_Channel6_IRQHandler
 .text.USART2_IRQHandler
                0x0000000008002f98       0x14 ./Core/Src/stm32l1xx_it.o
                0x0000000008002f98                USART2_IRQHandler
 .text._sbrk    0x0000000008002fac       0x6c ./Core/Src/sysmem.o
                0x0000000008002fac                _sbrk
 .text.SystemInit
                0x0000000008003018       0x1c ./Core/Src/system_stm32l1xx.o
                0x0000000008003018                SystemInit
 .text.Reset_Handler
                0x0000000008003034       0x48 ./Core/Startup/startup_stm32l152cctx.o
                0x0000000008003034                Reset_Handler
 .text.Default_Handler
                0x000000000800307c        0x2 ./Core/Startup/startup_stm32l152cctx.o
                0x000000000800307c                RTC_Alarm_IRQHandler
                0x000000000800307c                EXTI2_IRQHandler
                0x000000000800307c                COMP_ACQ_IRQHandler
                0x000000000800307c                TIM10_IRQHandler
                0x000000000800307c                USB_HP_IRQHandler
                0x000000000800307c                TIM6_IRQHandler
                0x000000000800307c                PVD_IRQHandler
                0x000000000800307c                EXTI3_IRQHandler
                0x000000000800307c                EXTI0_IRQHandler
                0x000000000800307c                I2C2_EV_IRQHandler
                0x000000000800307c                SPI1_IRQHandler
                0x000000000800307c                USB_FS_WKUP_IRQHandler
                0x000000000800307c                DMA2_Channel2_IRQHandler
                0x000000000800307c                DMA1_Channel4_IRQHandler
                0x000000000800307c                ADC1_IRQHandler
                0x000000000800307c                USART3_IRQHandler
                0x000000000800307c                DMA1_Channel7_IRQHandler
                0x000000000800307c                LCD_IRQHandler
                0x000000000800307c                TIM4_IRQHandler
                0x000000000800307c                DMA2_Channel1_IRQHandler
                0x000000000800307c                I2C1_EV_IRQHandler
                0x000000000800307c                DMA2_Channel4_IRQHandler
                0x000000000800307c                TIM3_IRQHandler
                0x000000000800307c                RCC_IRQHandler
                0x000000000800307c                DMA1_Channel1_IRQHandler
                0x000000000800307c                Default_Handler
                0x000000000800307c                EXTI15_10_IRQHandler
                0x000000000800307c                TIM7_IRQHandler
                0x000000000800307c                TIM5_IRQHandler
                0x000000000800307c                EXTI9_5_IRQHandler
                0x000000000800307c                TIM9_IRQHandler
                0x000000000800307c                TAMPER_STAMP_IRQHandler
                0x000000000800307c                RTC_WKUP_IRQHandler
                0x000000000800307c                SPI2_IRQHandler
                0x000000000800307c                DMA2_Channel5_IRQHandler
                0x000000000800307c                DMA1_Channel5_IRQHandler
                0x000000000800307c                USB_LP_IRQHandler
                0x000000000800307c                EXTI4_IRQHandler
                0x000000000800307c                DMA1_Channel3_IRQHandler
                0x000000000800307c                COMP_IRQHandler
                0x000000000800307c                WWDG_IRQHandler
                0x000000000800307c                TIM2_IRQHandler
                0x000000000800307c                DAC_IRQHandler
                0x000000000800307c                EXTI1_IRQHandler
                0x000000000800307c                TIM11_IRQHandler
                0x000000000800307c                I2C2_ER_IRQHandler
                0x000000000800307c                DMA1_Channel2_IRQHandler
                0x000000000800307c                FLASH_IRQHandler
                0x000000000800307c                USART1_IRQHandler
                0x000000000800307c                SPI3_IRQHandler
                0x000000000800307c                I2C1_ER_IRQHandler
                0x000000000800307c                DMA2_Channel3_IRQHandler
 .text.HAL_Init
                0x000000000800307e       0x30 ./Drivers/STM32L1xx_HAL_Driver/Src/stm32l1xx_hal.o
                0x000000000800307e                HAL_Init
 *fill*         0x00000000080030ae        0x2 
 .text.HAL_InitTick
                0x00000000080030b0       0x74 ./Drivers/STM32L1xx_HAL_Driver/Src/stm32l1xx_hal.o
                0x00000000080030b0                HAL_InitTick
 .text.HAL_IncTick
                0x0000000008003124       0x24 ./Drivers/STM32L1xx_HAL_Driver/Src/stm32l1xx_hal.o
                0x0000000008003124                HAL_IncTick
 .text.HAL_GetTick
                0x0000000008003148       0x14 ./Drivers/STM32L1xx_HAL_Driver/Src/stm32l1xx_hal.o
                0x0000000008003148                HAL_GetTick
 .text.HAL_Delay
                0x000000000800315c       0x44 ./Drivers/STM32L1xx_HAL_Driver/Src/stm32l1xx_hal.o
                0x000000000800315c                HAL_Delay
 .text.__NVIC_SetPriorityGrouping
                0x00000000080031a0       0x48 ./Drivers/STM32L1xx_HAL_Driver/Src/stm32l1xx_hal_cortex.o
 .text.__NVIC_GetPriorityGrouping
                0x00000000080031e8       0x1c ./Drivers/STM32L1xx_HAL_Driver/Src/stm32l1xx_hal_cortex.o
 .text.__NVIC_EnableIRQ
                0x0000000008003204       0x38 ./Drivers/STM32L1xx_HAL_Driver/Src/stm32l1xx_hal_cortex.o
 .text.__NVIC_SetPriority
                0x000000000800323c       0x54 ./Drivers/STM32L1xx_HAL_Driver/Src/stm32l1xx_hal_cortex.o
 .text.NVIC_EncodePriority
                0x0000000008003290       0x64 ./Drivers/STM32L1xx_HAL_Driver/Src/stm32l1xx_hal_cortex.o
 .text.SysTick_Config
                0x00000000080032f4       0x44 ./Drivers/STM32L1xx_HAL_Driver/Src/stm32l1xx_hal_cortex.o
 .text.HAL_NVIC_SetPriorityGrouping
                0x0000000008003338       0x16 ./Drivers/STM32L1xx_HAL_Driver/Src/stm32l1xx_hal_cortex.o
                0x0000000008003338                HAL_NVIC_SetPriorityGrouping
 .text.HAL_NVIC_SetPriority
                0x000000000800334e       0x38 ./Drivers/STM32L1xx_HAL_Driver/Src/stm32l1xx_hal_cortex.o
                0x000000000800334e                HAL_NVIC_SetPriority
 .text.HAL_NVIC_EnableIRQ
                0x0000000008003386       0x1c ./Drivers/STM32L1xx_HAL_Driver/Src/stm32l1xx_hal_cortex.o
                0x0000000008003386                HAL_NVIC_EnableIRQ
 .text.HAL_SYSTICK_Config
                0x00000000080033a2       0x18 ./Drivers/STM32L1xx_HAL_Driver/Src/stm32l1xx_hal_cortex.o
                0x00000000080033a2                HAL_SYSTICK_Config
 .text.HAL_CRC_Init
                0x00000000080033ba       0x38 ./Drivers/STM32L1xx_HAL_Driver/Src/stm32l1xx_hal_crc.o
                0x00000000080033ba                HAL_CRC_Init
 .text.HAL_CRC_Calculate
                0x00000000080033f2       0x64 ./Drivers/STM32L1xx_HAL_Driver/Src/stm32l1xx_hal_crc.o
                0x00000000080033f2                HAL_CRC_Calculate
 *fill*         0x0000000008003456        0x2 
 .text.HAL_DMA_Init
                0x0000000008003458       0xe8 ./Drivers/STM32L1xx_HAL_Driver/Src/stm32l1xx_hal_dma.o
                0x0000000008003458                HAL_DMA_Init
 .text.HAL_DMA_Start_IT
                0x0000000008003540       0xc0 ./Drivers/STM32L1xx_HAL_Driver/Src/stm32l1xx_hal_dma.o
                0x0000000008003540                HAL_DMA_Start_IT
 .text.HAL_DMA_Abort
                0x0000000008003600       0x7a ./Drivers/STM32L1xx_HAL_Driver/Src/stm32l1xx_hal_dma.o
                0x0000000008003600                HAL_DMA_Abort
 .text.HAL_DMA_Abort_IT
                0x000000000800367a       0x82 ./Drivers/STM32L1xx_HAL_Driver/Src/stm32l1xx_hal_dma.o
                0x000000000800367a                HAL_DMA_Abort_IT
 .text.HAL_DMA_IRQHandler
                0x00000000080036fc      0x15e ./Drivers/STM32L1xx_HAL_Driver/Src/stm32l1xx_hal_dma.o
                0x00000000080036fc                HAL_DMA_IRQHandler
 .text.DMA_SetConfig
                0x000000000800385a       0x5e ./Drivers/STM32L1xx_HAL_Driver/Src/stm32l1xx_hal_dma.o
 .text.HAL_FLASH_Unlock
                0x00000000080038b8       0x74 ./Drivers/STM32L1xx_HAL_Driver/Src/stm32l1xx_hal_flash.o
                0x00000000080038b8                HAL_FLASH_Unlock
 .text.HAL_FLASH_Lock
                0x000000000800392c       0x20 ./Drivers/STM32L1xx_HAL_Driver/Src/stm32l1xx_hal_flash.o
                0x000000000800392c                HAL_FLASH_Lock
 .text.HAL_GPIO_Init
                0x000000000800394c      0x300 ./Drivers/STM32L1xx_HAL_Driver/Src/stm32l1xx_hal_gpio.o
                0x000000000800394c                HAL_GPIO_Init
 .text.HAL_GPIO_WritePin
                0x0000000008003c4c       0x30 ./Drivers/STM32L1xx_HAL_Driver/Src/stm32l1xx_hal_gpio.o
                0x0000000008003c4c                HAL_GPIO_WritePin
 .text.HAL_RCC_OscConfig
                0x0000000008003c7c      0x660 ./Drivers/STM32L1xx_HAL_Driver/Src/stm32l1xx_hal_rcc.o
                0x0000000008003c7c                HAL_RCC_OscConfig
 .text.HAL_RCC_ClockConfig
                0x00000000080042dc      0x268 ./Drivers/STM32L1xx_HAL_Driver/Src/stm32l1xx_hal_rcc.o
                0x00000000080042dc                HAL_RCC_ClockConfig
 .text.HAL_RCC_GetSysClockFreq
                0x0000000008004544      0x14c ./Drivers/STM32L1xx_HAL_Driver/Src/stm32l1xx_hal_rcc.o
                0x0000000008004544                HAL_RCC_GetSysClockFreq
 .text.HAL_RCC_GetHCLKFreq
                0x0000000008004690       0x14 ./Drivers/STM32L1xx_HAL_Driver/Src/stm32l1xx_hal_rcc.o
                0x0000000008004690                HAL_RCC_GetHCLKFreq
 .text.HAL_RCC_GetPCLK1Freq
                0x00000000080046a4       0x28 ./Drivers/STM32L1xx_HAL_Driver/Src/stm32l1xx_hal_rcc.o
                0x00000000080046a4                HAL_RCC_GetPCLK1Freq
 .text.HAL_RCC_GetPCLK2Freq
                0x00000000080046cc       0x28 ./Drivers/STM32L1xx_HAL_Driver/Src/stm32l1xx_hal_rcc.o
                0x00000000080046cc                HAL_RCC_GetPCLK2Freq
 .text.RCC_SetFlashLatencyFromMSIRange
                0x00000000080046f4       0xc0 ./Drivers/STM32L1xx_HAL_Driver/Src/stm32l1xx_hal_rcc.o
 .text.HAL_UART_Init
                0x00000000080047b4       0x9a ./Drivers/STM32L1xx_HAL_Driver/Src/stm32l1xx_hal_uart.o
                0x00000000080047b4                HAL_UART_Init
 .text.HAL_UART_Transmit
                0x000000000800484e      0x124 ./Drivers/STM32L1xx_HAL_Driver/Src/stm32l1xx_hal_uart.o
                0x000000000800484e                HAL_UART_Transmit
 .text.HAL_UARTEx_ReceiveToIdle_DMA
                0x0000000008004972       0x9e ./Drivers/STM32L1xx_HAL_Driver/Src/stm32l1xx_hal_uart.o
                0x0000000008004972                HAL_UARTEx_ReceiveToIdle_DMA
 .text.HAL_UART_IRQHandler
                0x0000000008004a10      0x354 ./Drivers/STM32L1xx_HAL_Driver/Src/stm32l1xx_hal_uart.o
                0x0000000008004a10                HAL_UART_IRQHandler
 .text.HAL_UART_TxCpltCallback
                0x0000000008004d64       0x12 ./Drivers/STM32L1xx_HAL_Driver/Src/stm32l1xx_hal_uart.o
                0x0000000008004d64                HAL_UART_TxCpltCallback
 .text.HAL_UART_RxCpltCallback
                0x0000000008004d76       0x12 ./Drivers/STM32L1xx_HAL_Driver/Src/stm32l1xx_hal_uart.o
                0x0000000008004d76                HAL_UART_RxCpltCallback
 .text.HAL_UART_RxHalfCpltCallback
                0x0000000008004d88       0x12 ./Drivers/STM32L1xx_HAL_Driver/Src/stm32l1xx_hal_uart.o
                0x0000000008004d88                HAL_UART_RxHalfCpltCallback
 .text.HAL_UART_ErrorCallback
                0x0000000008004d9a       0x12 ./Drivers/STM32L1xx_HAL_Driver/Src/stm32l1xx_hal_uart.o
                0x0000000008004d9a                HAL_UART_ErrorCallback
 .text.UART_DMAReceiveCplt
                0x0000000008004dac       0x96 ./Drivers/STM32L1xx_HAL_Driver/Src/stm32l1xx_hal_uart.o
 .text.UART_DMARxHalfCplt
                0x0000000008004e42       0x36 ./Drivers/STM32L1xx_HAL_Driver/Src/stm32l1xx_hal_uart.o
 .text.UART_DMAError
                0x0000000008004e78       0x94 ./Drivers/STM32L1xx_HAL_Driver/Src/stm32l1xx_hal_uart.o
 .text.UART_WaitOnFlagUntilTimeout
                0x0000000008004f0c       0x94 ./Drivers/STM32L1xx_HAL_Driver/Src/stm32l1xx_hal_uart.o
 .text.UART_Start_Receive_DMA
                0x0000000008004fa0       0xc8 ./Drivers/STM32L1xx_HAL_Driver/Src/stm32l1xx_hal_uart.o
                0x0000000008004fa0                UART_Start_Receive_DMA
 .text.UART_EndTxTransfer
                0x0000000008005068       0x2a ./Drivers/STM32L1xx_HAL_Driver/Src/stm32l1xx_hal_uart.o
 .text.UART_EndRxTransfer
                0x0000000008005092       0x58 ./Drivers/STM32L1xx_HAL_Driver/Src/stm32l1xx_hal_uart.o
 .text.UART_DMAAbortOnError
                0x00000000080050ea       0x28 ./Drivers/STM32L1xx_HAL_Driver/Src/stm32l1xx_hal_uart.o
 .text.UART_Transmit_IT
                0x0000000008005112       0x9e ./Drivers/STM32L1xx_HAL_Driver/Src/stm32l1xx_hal_uart.o
 .text.UART_EndTransmit_IT
                0x00000000080051b0       0x30 ./Drivers/STM32L1xx_HAL_Driver/Src/stm32l1xx_hal_uart.o
 .text.UART_Receive_IT
                0x00000000080051e0      0x152 ./Drivers/STM32L1xx_HAL_Driver/Src/stm32l1xx_hal_uart.o
 *fill*         0x0000000008005332        0x2 
 .text.UART_SetConfig
                0x0000000008005334      0x1c8 ./Drivers/STM32L1xx_HAL_Driver/Src/stm32l1xx_hal_uart.o
 .text.flash_erase
                0x00000000080054fc       0x70 ./OTA/FLASH/flash.o
                0x00000000080054fc                flash_erase
 .text.flash_write_int
                0x000000000800556c       0x3c ./OTA/FLASH/flash.o
                0x000000000800556c                flash_write_int
 .text.flash_write_array
                0x00000000080055a8       0x8c ./OTA/FLASH/flash.o
                0x00000000080055a8                flash_write_array
 .text.flash_read_int
                0x0000000008005634       0x1a ./OTA/FLASH/flash.o
                0x0000000008005634                flash_read_int
 .text.flash_read_array
                0x000000000800564e       0x52 ./OTA/FLASH/flash.o
                0x000000000800564e                flash_read_array
 .text.__errno  0x00000000080056a0        0xc c:/st/stm32cubeide_1.8.0/stm32cubeide/plugins/com.st.stm32cube.ide.mcu.externaltools.gnu-tools-for-stm32.9-2020-q2-update.win32_2.0.0.202105311346/tools/bin/../lib/gcc/arm-none-eabi/9.3.1/../../../../arm-none-eabi/lib/thumb/v7-m/nofp\libc_nano.a(lib_a-errno.o)
                0x00000000080056a0                __errno
 .text.__libc_init_array
                0x00000000080056ac       0x48 c:/st/stm32cubeide_1.8.0/stm32cubeide/plugins/com.st.stm32cube.ide.mcu.externaltools.gnu-tools-for-stm32.9-2020-q2-update.win32_2.0.0.202105311346/tools/bin/../lib/gcc/arm-none-eabi/9.3.1/../../../../arm-none-eabi/lib/thumb/v7-m/nofp\libc_nano.a(lib_a-init.o)
                0x00000000080056ac                __libc_init_array
 .text.memset   0x00000000080056f4       0x10 c:/st/stm32cubeide_1.8.0/stm32cubeide/plugins/com.st.stm32cube.ide.mcu.externaltools.gnu-tools-for-stm32.9-2020-q2-update.win32_2.0.0.202105311346/tools/bin/../lib/gcc/arm-none-eabi/9.3.1/../../../../arm-none-eabi/lib/thumb/v7-m/nofp\libc_nano.a(lib_a-memset.o)
                0x00000000080056f4                memset
 .text.sprintf  0x0000000008005704       0x40 c:/st/stm32cubeide_1.8.0/stm32cubeide/plugins/com.st.stm32cube.ide.mcu.externaltools.gnu-tools-for-stm32.9-2020-q2-update.win32_2.0.0.202105311346/tools/bin/../lib/gcc/arm-none-eabi/9.3.1/../../../../arm-none-eabi/lib/thumb/v7-m/nofp\libc_nano.a(lib_a-sprintf.o)
                0x0000000008005704                siprintf
                0x0000000008005704                sprintf
 .text.strstr   0x0000000008005744       0x2e c:/st/stm32cubeide_1.8.0/stm32cubeide/plugins/com.st.stm32cube.ide.mcu.externaltools.gnu-tools-for-stm32.9-2020-q2-update.win32_2.0.0.202105311346/tools/bin/../lib/gcc/arm-none-eabi/9.3.1/../../../../arm-none-eabi/lib/thumb/v7-m/nofp\libc_nano.a(lib_a-strstr.o)
                0x0000000008005744                strstr
 .text.__ssputs_r
                0x0000000008005772       0xb6 c:/st/stm32cubeide_1.8.0/stm32cubeide/plugins/com.st.stm32cube.ide.mcu.externaltools.gnu-tools-for-stm32.9-2020-q2-update.win32_2.0.0.202105311346/tools/bin/../lib/gcc/arm-none-eabi/9.3.1/../../../../arm-none-eabi/lib/thumb/v7-m/nofp\libc_nano.a(lib_a-nano-svfprintf.o)
                0x0000000008005772                __ssputs_r
 .text._svfprintf_r
                0x0000000008005828      0x200 c:/st/stm32cubeide_1.8.0/stm32cubeide/plugins/com.st.stm32cube.ide.mcu.externaltools.gnu-tools-for-stm32.9-2020-q2-update.win32_2.0.0.202105311346/tools/bin/../lib/gcc/arm-none-eabi/9.3.1/../../../../arm-none-eabi/lib/thumb/v7-m/nofp\libc_nano.a(lib_a-nano-svfprintf.o)
                0x0000000008005828                _svfiprintf_r
                0x0000000008005828                _svfprintf_r
 .text._printf_common
                0x0000000008005a28       0xde c:/st/stm32cubeide_1.8.0/stm32cubeide/plugins/com.st.stm32cube.ide.mcu.externaltools.gnu-tools-for-stm32.9-2020-q2-update.win32_2.0.0.202105311346/tools/bin/../lib/gcc/arm-none-eabi/9.3.1/../../../../arm-none-eabi/lib/thumb/v7-m/nofp\libc_nano.a(lib_a-nano-vfprintf_i.o)
                0x0000000008005a28                _printf_common
 *fill*         0x0000000008005b06        0x2 
 .text._printf_i
                0x0000000008005b08      0x24c c:/st/stm32cubeide_1.8.0/stm32cubeide/plugins/com.st.stm32cube.ide.mcu.externaltools.gnu-tools-for-stm32.9-2020-q2-update.win32_2.0.0.202105311346/tools/bin/../lib/gcc/arm-none-eabi/9.3.1/../../../../arm-none-eabi/lib/thumb/v7-m/nofp\libc_nano.a(lib_a-nano-vfprintf_i.o)
                0x0000000008005b08                _printf_i
 .text.memchr   0x0000000008005d54       0x1c c:/st/stm32cubeide_1.8.0/stm32cubeide/plugins/com.st.stm32cube.ide.mcu.externaltools.gnu-tools-for-stm32.9-2020-q2-update.win32_2.0.0.202105311346/tools/bin/../lib/gcc/arm-none-eabi/9.3.1/../../../../arm-none-eabi/lib/thumb/v7-m/nofp\libc_nano.a(lib_a-memchr-stub.o)
                0x0000000008005d54                memchr
 .text.memcpy   0x0000000008005d70       0x1c c:/st/stm32cubeide_1.8.0/stm32cubeide/plugins/com.st.stm32cube.ide.mcu.externaltools.gnu-tools-for-stm32.9-2020-q2-update.win32_2.0.0.202105311346/tools/bin/../lib/gcc/arm-none-eabi/9.3.1/../../../../arm-none-eabi/lib/thumb/v7-m/nofp\libc_nano.a(lib_a-memcpy-stub.o)
                0x0000000008005d70                memcpy
 .text.memmove  0x0000000008005d8c       0x34 c:/st/stm32cubeide_1.8.0/stm32cubeide/plugins/com.st.stm32cube.ide.mcu.externaltools.gnu-tools-for-stm32.9-2020-q2-update.win32_2.0.0.202105311346/tools/bin/../lib/gcc/arm-none-eabi/9.3.1/../../../../arm-none-eabi/lib/thumb/v7-m/nofp\libc_nano.a(lib_a-memmove.o)
                0x0000000008005d8c                memmove
 .text._free_r  0x0000000008005dc0       0x98 c:/st/stm32cubeide_1.8.0/stm32cubeide/plugins/com.st.stm32cube.ide.mcu.externaltools.gnu-tools-for-stm32.9-2020-q2-update.win32_2.0.0.202105311346/tools/bin/../lib/gcc/arm-none-eabi/9.3.1/../../../../arm-none-eabi/lib/thumb/v7-m/nofp\libc_nano.a(lib_a-nano-freer.o)
                0x0000000008005dc0                _free_r
 .text._malloc_r
                0x0000000008005e58       0xb4 c:/st/stm32cubeide_1.8.0/stm32cubeide/plugins/com.st.stm32cube.ide.mcu.externaltools.gnu-tools-for-stm32.9-2020-q2-update.win32_2.0.0.202105311346/tools/bin/../lib/gcc/arm-none-eabi/9.3.1/../../../../arm-none-eabi/lib/thumb/v7-m/nofp\libc_nano.a(lib_a-nano-mallocr.o)
                0x0000000008005e58                _malloc_r
 .text._realloc_r
                0x0000000008005f0c       0x4c c:/st/stm32cubeide_1.8.0/stm32cubeide/plugins/com.st.stm32cube.ide.mcu.externaltools.gnu-tools-for-stm32.9-2020-q2-update.win32_2.0.0.202105311346/tools/bin/../lib/gcc/arm-none-eabi/9.3.1/../../../../arm-none-eabi/lib/thumb/v7-m/nofp\libc_nano.a(lib_a-nano-reallocr.o)
                0x0000000008005f0c                _realloc_r
 .text._sbrk_r  0x0000000008005f58       0x20 c:/st/stm32cubeide_1.8.0/stm32cubeide/plugins/com.st.stm32cube.ide.mcu.externaltools.gnu-tools-for-stm32.9-2020-q2-update.win32_2.0.0.202105311346/tools/bin/../lib/gcc/arm-none-eabi/9.3.1/../../../../arm-none-eabi/lib/thumb/v7-m/nofp\libc_nano.a(lib_a-sbrkr.o)
                0x0000000008005f58                _sbrk_r
 .text.__malloc_lock
                0x0000000008005f78        0xc c:/st/stm32cubeide_1.8.0/stm32cubeide/plugins/com.st.stm32cube.ide.mcu.externaltools.gnu-tools-for-stm32.9-2020-q2-update.win32_2.0.0.202105311346/tools/bin/../lib/gcc/arm-none-eabi/9.3.1/../../../../arm-none-eabi/lib/thumb/v7-m/nofp\libc_nano.a(lib_a-mlock.o)
                0x0000000008005f78                __malloc_lock
 .text.__malloc_unlock
                0x0000000008005f84        0xc c:/st/stm32cubeide_1.8.0/stm32cubeide/plugins/com.st.stm32cube.ide.mcu.externaltools.gnu-tools-for-stm32.9-2020-q2-update.win32_2.0.0.202105311346/tools/bin/../lib/gcc/arm-none-eabi/9.3.1/../../../../arm-none-eabi/lib/thumb/v7-m/nofp\libc_nano.a(lib_a-mlock.o)
                0x0000000008005f84                __malloc_unlock
 .text._malloc_usable_size_r
                0x0000000008005f90       0x10 c:/st/stm32cubeide_1.8.0/stm32cubeide/plugins/com.st.stm32cube.ide.mcu.externaltools.gnu-tools-for-stm32.9-2020-q2-update.win32_2.0.0.202105311346/tools/bin/../lib/gcc/arm-none-eabi/9.3.1/../../../../arm-none-eabi/lib/thumb/v7-m/nofp\libc_nano.a(lib_a-nano-msizer.o)
                0x0000000008005f90                _malloc_usable_size_r
 .text.__retarget_lock_acquire_recursive
                0x0000000008005fa0        0x2 c:/st/stm32cubeide_1.8.0/stm32cubeide/plugins/com.st.stm32cube.ide.mcu.externaltools.gnu-tools-for-stm32.9-2020-q2-update.win32_2.0.0.202105311346/tools/bin/../lib/gcc/arm-none-eabi/9.3.1/../../../../arm-none-eabi/lib/thumb/v7-m/nofp\libc_nano.a(lib_a-lock.o)
                0x0000000008005fa0                __retarget_lock_acquire_recursive
 .text.__retarget_lock_release_recursive
                0x0000000008005fa2        0x2 c:/st/stm32cubeide_1.8.0/stm32cubeide/plugins/com.st.stm32cube.ide.mcu.externaltools.gnu-tools-for-stm32.9-2020-q2-update.win32_2.0.0.202105311346/tools/bin/../lib/gcc/arm-none-eabi/9.3.1/../../../../arm-none-eabi/lib/thumb/v7-m/nofp\libc_nano.a(lib_a-lock.o)
                0x0000000008005fa2                __retarget_lock_release_recursive
 *(.glue_7)
 .glue_7        0x0000000008005fa4        0x0 linker stubs
 *(.glue_7t)
 .glue_7t       0x0000000008005fa4        0x0 linker stubs
 *(.eh_frame)
 .eh_frame      0x0000000008005fa4        0x0 c:/st/stm32cubeide_1.8.0/stm32cubeide/plugins/com.st.stm32cube.ide.mcu.externaltools.gnu-tools-for-stm32.9-2020-q2-update.win32_2.0.0.202105311346/tools/bin/../lib/gcc/arm-none-eabi/9.3.1/thumb/v7-m/nofp/crtbegin.o
 *(.init)
 .init          0x0000000008005fa4        0x4 c:/st/stm32cubeide_1.8.0/stm32cubeide/plugins/com.st.stm32cube.ide.mcu.externaltools.gnu-tools-for-stm32.9-2020-q2-update.win32_2.0.0.202105311346/tools/bin/../lib/gcc/arm-none-eabi/9.3.1/thumb/v7-m/nofp/crti.o
                0x0000000008005fa4                _init
 .init          0x0000000008005fa8        0x8 c:/st/stm32cubeide_1.8.0/stm32cubeide/plugins/com.st.stm32cube.ide.mcu.externaltools.gnu-tools-for-stm32.9-2020-q2-update.win32_2.0.0.202105311346/tools/bin/../lib/gcc/arm-none-eabi/9.3.1/thumb/v7-m/nofp/crtn.o
 *(.fini)
 .fini          0x0000000008005fb0        0x4 c:/st/stm32cubeide_1.8.0/stm32cubeide/plugins/com.st.stm32cube.ide.mcu.externaltools.gnu-tools-for-stm32.9-2020-q2-update.win32_2.0.0.202105311346/tools/bin/../lib/gcc/arm-none-eabi/9.3.1/thumb/v7-m/nofp/crti.o
                0x0000000008005fb0                _fini
 .fini          0x0000000008005fb4        0x8 c:/st/stm32cubeide_1.8.0/stm32cubeide/plugins/com.st.stm32cube.ide.mcu.externaltools.gnu-tools-for-stm32.9-2020-q2-update.win32_2.0.0.202105311346/tools/bin/../lib/gcc/arm-none-eabi/9.3.1/thumb/v7-m/nofp/crtn.o
                0x0000000008005fbc                . = ALIGN (0x4)
                0x0000000008005fbc                _etext = .

.vfp11_veneer   0x0000000008005fbc        0x0
 .vfp11_veneer  0x0000000008005fbc        0x0 linker stubs

.v4_bx          0x0000000008005fbc        0x0
 .v4_bx         0x0000000008005fbc        0x0 linker stubs

.iplt           0x0000000008005fbc        0x0
 .iplt          0x0000000008005fbc        0x0 c:/st/stm32cubeide_1.8.0/stm32cubeide/plugins/com.st.stm32cube.ide.mcu.externaltools.gnu-tools-for-stm32.9-2020-q2-update.win32_2.0.0.202105311346/tools/bin/../lib/gcc/arm-none-eabi/9.3.1/thumb/v7-m/nofp/crtbegin.o

.rodata         0x0000000008005fbc       0xbc
                0x0000000008005fbc                . = ALIGN (0x4)
 *(.rodata)
 .rodata        0x0000000008005fbc       0x63 ./Core/Src/main.o
 *(.rodata*)
 *fill*         0x000000000800601f        0x1 
 .rodata.PLLMulTable
                0x0000000008006020        0x9 ./Core/Src/system_stm32l1xx.o
                0x0000000008006020                PLLMulTable
 *fill*         0x0000000008006029        0x3 
 .rodata.AHBPrescTable
                0x000000000800602c       0x10 ./Core/Src/system_stm32l1xx.o
                0x000000000800602c                AHBPrescTable
 .rodata.APBPrescTable
                0x000000000800603c        0x8 ./Core/Src/system_stm32l1xx.o
                0x000000000800603c                APBPrescTable
 .rodata._svfprintf_r.str1.1
                0x0000000008006044       0x11 c:/st/stm32cubeide_1.8.0/stm32cubeide/plugins/com.st.stm32cube.ide.mcu.externaltools.gnu-tools-for-stm32.9-2020-q2-update.win32_2.0.0.202105311346/tools/bin/../lib/gcc/arm-none-eabi/9.3.1/../../../../arm-none-eabi/lib/thumb/v7-m/nofp\libc_nano.a(lib_a-nano-svfprintf.o)
 .rodata._printf_i.str1.1
                0x0000000008006055       0x22 c:/st/stm32cubeide_1.8.0/stm32cubeide/plugins/com.st.stm32cube.ide.mcu.externaltools.gnu-tools-for-stm32.9-2020-q2-update.win32_2.0.0.202105311346/tools/bin/../lib/gcc/arm-none-eabi/9.3.1/../../../../arm-none-eabi/lib/thumb/v7-m/nofp\libc_nano.a(lib_a-nano-vfprintf_i.o)
                0x0000000008006078                . = ALIGN (0x4)
 *fill*         0x0000000008006077        0x1 

.ARM.extab      0x0000000008006078        0x0
                0x0000000008006078                . = ALIGN (0x4)
 *(.ARM.extab* .gnu.linkonce.armextab.*)
                0x0000000008006078                . = ALIGN (0x4)

.ARM            0x0000000008006078        0x8
                0x0000000008006078                . = ALIGN (0x4)
                0x0000000008006078                __exidx_start = .
 *(.ARM.exidx*)
 .ARM.exidx     0x0000000008006078        0x8 c:/st/stm32cubeide_1.8.0/stm32cubeide/plugins/com.st.stm32cube.ide.mcu.externaltools.gnu-tools-for-stm32.9-2020-q2-update.win32_2.0.0.202105311346/tools/bin/../lib/gcc/arm-none-eabi/9.3.1/thumb/v7-m/nofp\libgcc.a(_udivmoddi4.o)
                0x0000000008006080                __exidx_end = .
                0x0000000008006080                . = ALIGN (0x4)

.rel.dyn        0x0000000008006080        0x0
 .rel.iplt      0x0000000008006080        0x0 c:/st/stm32cubeide_1.8.0/stm32cubeide/plugins/com.st.stm32cube.ide.mcu.externaltools.gnu-tools-for-stm32.9-2020-q2-update.win32_2.0.0.202105311346/tools/bin/../lib/gcc/arm-none-eabi/9.3.1/thumb/v7-m/nofp/crtbegin.o

.preinit_array  0x0000000008006080        0x0
                0x0000000008006080                . = ALIGN (0x4)
                0x0000000008006080                PROVIDE (__preinit_array_start = .)
 *(.preinit_array*)
                0x0000000008006080                PROVIDE (__preinit_array_end = .)
                0x0000000008006080                . = ALIGN (0x4)

.init_array     0x0000000008006080        0x4
                0x0000000008006080                . = ALIGN (0x4)
                0x0000000008006080                PROVIDE (__init_array_start = .)
 *(SORT_BY_NAME(.init_array.*))
 *(.init_array*)
 .init_array    0x0000000008006080        0x4 c:/st/stm32cubeide_1.8.0/stm32cubeide/plugins/com.st.stm32cube.ide.mcu.externaltools.gnu-tools-for-stm32.9-2020-q2-update.win32_2.0.0.202105311346/tools/bin/../lib/gcc/arm-none-eabi/9.3.1/thumb/v7-m/nofp/crtbegin.o
                0x0000000008006084                PROVIDE (__init_array_end = .)
                0x0000000008006084                . = ALIGN (0x4)

.fini_array     0x0000000008006084        0x4
                0x0000000008006084                . = ALIGN (0x4)
                [!provide]                        PROVIDE (__fini_array_start = .)
 *(SORT_BY_NAME(.fini_array.*))
 *(.fini_array*)
 .fini_array    0x0000000008006084        0x4 c:/st/stm32cubeide_1.8.0/stm32cubeide/plugins/com.st.stm32cube.ide.mcu.externaltools.gnu-tools-for-stm32.9-2020-q2-update.win32_2.0.0.202105311346/tools/bin/../lib/gcc/arm-none-eabi/9.3.1/thumb/v7-m/nofp/crtbegin.o
                [!provide]                        PROVIDE (__fini_array_end = .)
                0x0000000008006088                . = ALIGN (0x4)
                0x0000000008006088                _sidata = LOADADDR (.data)

.data           0x0000000020000000       0x70 load address 0x0000000008006088
                0x0000000020000000                . = ALIGN (0x4)
                0x0000000020000000                _sdata = .
 *(.data)
 *(.data*)
 .data.SystemCoreClock
                0x0000000020000000        0x4 ./Core/Src/system_stm32l1xx.o
                0x0000000020000000                SystemCoreClock
 .data.uwTickPrio
                0x0000000020000004        0x4 ./Drivers/STM32L1xx_HAL_Driver/Src/stm32l1xx_hal.o
                0x0000000020000004                uwTickPrio
 .data.uwTickFreq
                0x0000000020000008        0x4 ./Drivers/STM32L1xx_HAL_Driver/Src/stm32l1xx_hal.o
                0x0000000020000008                uwTickFreq
 .data._impure_ptr
                0x000000002000000c        0x4 c:/st/stm32cubeide_1.8.0/stm32cubeide/plugins/com.st.stm32cube.ide.mcu.externaltools.gnu-tools-for-stm32.9-2020-q2-update.win32_2.0.0.202105311346/tools/bin/../lib/gcc/arm-none-eabi/9.3.1/../../../../arm-none-eabi/lib/thumb/v7-m/nofp\libc_nano.a(lib_a-impure.o)
                0x000000002000000c                _impure_ptr
 .data.impure_data
                0x0000000020000010       0x60 c:/st/stm32cubeide_1.8.0/stm32cubeide/plugins/com.st.stm32cube.ide.mcu.externaltools.gnu-tools-for-stm32.9-2020-q2-update.win32_2.0.0.202105311346/tools/bin/../lib/gcc/arm-none-eabi/9.3.1/../../../../arm-none-eabi/lib/thumb/v7-m/nofp\libc_nano.a(lib_a-impure.o)
 *(.RamFunc)
 *(.RamFunc*)
                0x0000000020000070                . = ALIGN (0x4)
                0x0000000020000070                _edata = .

.igot.plt       0x0000000020000070        0x0 load address 0x00000000080060f8
 .igot.plt      0x0000000020000070        0x0 c:/st/stm32cubeide_1.8.0/stm32cubeide/plugins/com.st.stm32cube.ide.mcu.externaltools.gnu-tools-for-stm32.9-2020-q2-update.win32_2.0.0.202105311346/tools/bin/../lib/gcc/arm-none-eabi/9.3.1/thumb/v7-m/nofp/crtbegin.o
                0x0000000020000070                . = ALIGN (0x4)

.bss            0x0000000020000070      0x37c load address 0x00000000080060f8
                0x0000000020000070                _sbss = .
                0x0000000020000070                __bss_start__ = _sbss
 *(.bss)
 .bss           0x0000000020000070       0x1c c:/st/stm32cubeide_1.8.0/stm32cubeide/plugins/com.st.stm32cube.ide.mcu.externaltools.gnu-tools-for-stm32.9-2020-q2-update.win32_2.0.0.202105311346/tools/bin/../lib/gcc/arm-none-eabi/9.3.1/thumb/v7-m/nofp/crtbegin.o
 *(.bss*)
 .bss.firmware  0x000000002000008c       0x48 ./Core/Src/main.o
                0x000000002000008c                firmware
 .bss.flag_need_update_fw
                0x00000000200000d4        0x1 ./Core/Src/main.o
                0x00000000200000d4                flag_need_update_fw
 .bss.fota_state
                0x00000000200000d5        0x1 ./Core/Src/main.o
                0x00000000200000d5                fota_state
 *fill*         0x00000000200000d6        0x2 
 .bss.phone_number_request
                0x00000000200000d8        0xd ./Core/Src/main.o
                0x00000000200000d8                phone_number_request
 *fill*         0x00000000200000e5        0x3 
 .bss.g_current_ver
                0x00000000200000e8        0x6 ./Core/Src/main.o
                0x00000000200000e8                g_current_ver
 *fill*         0x00000000200000ee        0x2 
 .bss.g_new_ver
                0x00000000200000f0        0x6 ./Core/Src/main.o
                0x00000000200000f0                g_new_ver
 .bss.rx_flag   0x00000000200000f6        0x1 ./Core/Src/main.o
                0x00000000200000f6                rx_flag
 *fill*         0x00000000200000f7        0x1 
 .bss.rx_buffer
                0x00000000200000f8      0x244 ./Core/Src/main.o
                0x00000000200000f8                rx_buffer
 .bss.__sbrk_heap_end
                0x000000002000033c        0x4 ./Core/Src/sysmem.o
 .bss.__malloc_free_list
                0x0000000020000340        0x4 c:/st/stm32cubeide_1.8.0/stm32cubeide/plugins/com.st.stm32cube.ide.mcu.externaltools.gnu-tools-for-stm32.9-2020-q2-update.win32_2.0.0.202105311346/tools/bin/../lib/gcc/arm-none-eabi/9.3.1/../../../../arm-none-eabi/lib/thumb/v7-m/nofp\libc_nano.a(lib_a-nano-mallocr.o)
                0x0000000020000340                __malloc_free_list
 .bss.__malloc_sbrk_start
                0x0000000020000344        0x4 c:/st/stm32cubeide_1.8.0/stm32cubeide/plugins/com.st.stm32cube.ide.mcu.externaltools.gnu-tools-for-stm32.9-2020-q2-update.win32_2.0.0.202105311346/tools/bin/../lib/gcc/arm-none-eabi/9.3.1/../../../../arm-none-eabi/lib/thumb/v7-m/nofp\libc_nano.a(lib_a-nano-mallocr.o)
                0x0000000020000344                __malloc_sbrk_start
 *(COMMON)
 COMMON         0x0000000020000348       0x90 ./Core/Src/main.o
                0x0000000020000348                hdma_usart2_rx
                0x000000002000038c                hcrc
                0x0000000020000394                huart2
 COMMON         0x00000000200003d8        0x4 ./Drivers/STM32L1xx_HAL_Driver/Src/stm32l1xx_hal.o
                0x00000000200003d8                uwTick
 COMMON         0x00000000200003dc        0x4 c:/st/stm32cubeide_1.8.0/stm32cubeide/plugins/com.st.stm32cube.ide.mcu.externaltools.gnu-tools-for-stm32.9-2020-q2-update.win32_2.0.0.202105311346/tools/bin/../lib/gcc/arm-none-eabi/9.3.1/../../../../arm-none-eabi/lib/thumb/v7-m/nofp\libc_nano.a(lib_a-reent.o)
                0x00000000200003dc                errno
 COMMON         0x00000000200003e0        0x9 c:/st/stm32cubeide_1.8.0/stm32cubeide/plugins/com.st.stm32cube.ide.mcu.externaltools.gnu-tools-for-stm32.9-2020-q2-update.win32_2.0.0.202105311346/tools/bin/../lib/gcc/arm-none-eabi/9.3.1/../../../../arm-none-eabi/lib/thumb/v7-m/nofp\libc_nano.a(lib_a-lock.o)
                0x00000000200003e0                __lock___atexit_recursive_mutex
                0x00000000200003e1                __lock___arc4random_mutex
                0x00000000200003e2                __lock___env_recursive_mutex
                0x00000000200003e3                __lock___sinit_recursive_mutex
                0x00000000200003e4                __lock___malloc_recursive_mutex
                0x00000000200003e5                __lock___at_quick_exit_mutex
                0x00000000200003e6                __lock___dd_hash_mutex
                0x00000000200003e7                __lock___tz_mutex
                0x00000000200003e8                __lock___sfp_recursive_mutex
                0x00000000200003ec                . = ALIGN (0x4)
 *fill*         0x00000000200003e9        0x3 
                0x00000000200003ec                _ebss = .
                0x00000000200003ec                __bss_end__ = _ebss

._user_heap_stack
                0x00000000200003ec      0x604 load address 0x00000000080060f8
                0x00000000200003f0                . = ALIGN (0x8)
 *fill*         0x00000000200003ec        0x4 
                [!provide]                        PROVIDE (end = .)
                0x00000000200003f0                PROVIDE (_end = .)
                0x00000000200005f0                . = (. + _Min_Heap_Size)
 *fill*         0x00000000200003f0      0x200 
                0x00000000200009f0                . = (. + _Min_Stack_Size)
 *fill*         0x00000000200005f0      0x400 
                0x00000000200009f0                . = ALIGN (0x8)

/DISCARD/
 libc.a(*)
 libm.a(*)
 libgcc.a(*)

.ARM.attributes
                0x0000000000000000       0x29
 *(.ARM.attributes)
 .ARM.attributes
                0x0000000000000000       0x1d c:/st/stm32cubeide_1.8.0/stm32cubeide/plugins/com.st.stm32cube.ide.mcu.externaltools.gnu-tools-for-stm32.9-2020-q2-update.win32_2.0.0.202105311346/tools/bin/../lib/gcc/arm-none-eabi/9.3.1/thumb/v7-m/nofp/crti.o
 .ARM.attributes
                0x000000000000001d       0x2d c:/st/stm32cubeide_1.8.0/stm32cubeide/plugins/com.st.stm32cube.ide.mcu.externaltools.gnu-tools-for-stm32.9-2020-q2-update.win32_2.0.0.202105311346/tools/bin/../lib/gcc/arm-none-eabi/9.3.1/thumb/v7-m/nofp/crtbegin.o
 .ARM.attributes
                0x000000000000004a       0x2d ./Core/Src/main.o
 .ARM.attributes
                0x0000000000000077       0x2d ./Core/Src/stm32l1xx_hal_msp.o
 .ARM.attributes
                0x00000000000000a4       0x2d ./Core/Src/stm32l1xx_it.o
 .ARM.attributes
                0x00000000000000d1       0x2d ./Core/Src/sysmem.o
 .ARM.attributes
                0x00000000000000fe       0x2d ./Core/Src/system_stm32l1xx.o
 .ARM.attributes
                0x000000000000012b       0x21 ./Core/Startup/startup_stm32l152cctx.o
 .ARM.attributes
                0x000000000000014c       0x2d ./Drivers/STM32L1xx_HAL_Driver/Src/stm32l1xx_hal.o
 .ARM.attributes
                0x0000000000000179       0x2d ./Drivers/STM32L1xx_HAL_Driver/Src/stm32l1xx_hal_cortex.o
 .ARM.attributes
                0x00000000000001a6       0x2d ./Drivers/STM32L1xx_HAL_Driver/Src/stm32l1xx_hal_crc.o
 .ARM.attributes
                0x00000000000001d3       0x2d ./Drivers/STM32L1xx_HAL_Driver/Src/stm32l1xx_hal_dma.o
 .ARM.attributes
                0x0000000000000200       0x2d ./Drivers/STM32L1xx_HAL_Driver/Src/stm32l1xx_hal_flash.o
 .ARM.attributes
                0x000000000000022d       0x2d ./Drivers/STM32L1xx_HAL_Driver/Src/stm32l1xx_hal_gpio.o
 .ARM.attributes
                0x000000000000025a       0x2d ./Drivers/STM32L1xx_HAL_Driver/Src/stm32l1xx_hal_rcc.o
 .ARM.attributes
                0x0000000000000287       0x2d ./Drivers/STM32L1xx_HAL_Driver/Src/stm32l1xx_hal_uart.o
 .ARM.attributes
                0x00000000000002b4       0x2d ./OTA/FLASH/flash.o
 .ARM.attributes
                0x00000000000002e1       0x2d c:/st/stm32cubeide_1.8.0/stm32cubeide/plugins/com.st.stm32cube.ide.mcu.externaltools.gnu-tools-for-stm32.9-2020-q2-update.win32_2.0.0.202105311346/tools/bin/../lib/gcc/arm-none-eabi/9.3.1/../../../../arm-none-eabi/lib/thumb/v7-m/nofp\libc_nano.a(lib_a-errno.o)
 .ARM.attributes
                0x000000000000030e       0x2d c:/st/stm32cubeide_1.8.0/stm32cubeide/plugins/com.st.stm32cube.ide.mcu.externaltools.gnu-tools-for-stm32.9-2020-q2-update.win32_2.0.0.202105311346/tools/bin/../lib/gcc/arm-none-eabi/9.3.1/../../../../arm-none-eabi/lib/thumb/v7-m/nofp\libc_nano.a(lib_a-impure.o)
 .ARM.attributes
                0x000000000000033b       0x2d c:/st/stm32cubeide_1.8.0/stm32cubeide/plugins/com.st.stm32cube.ide.mcu.externaltools.gnu-tools-for-stm32.9-2020-q2-update.win32_2.0.0.202105311346/tools/bin/../lib/gcc/arm-none-eabi/9.3.1/../../../../arm-none-eabi/lib/thumb/v7-m/nofp\libc_nano.a(lib_a-init.o)
 .ARM.attributes
                0x0000000000000368       0x2d c:/st/stm32cubeide_1.8.0/stm32cubeide/plugins/com.st.stm32cube.ide.mcu.externaltools.gnu-tools-for-stm32.9-2020-q2-update.win32_2.0.0.202105311346/tools/bin/../lib/gcc/arm-none-eabi/9.3.1/../../../../arm-none-eabi/lib/thumb/v7-m/nofp\libc_nano.a(lib_a-memset.o)
 .ARM.attributes
                0x0000000000000395       0x2d c:/st/stm32cubeide_1.8.0/stm32cubeide/plugins/com.st.stm32cube.ide.mcu.externaltools.gnu-tools-for-stm32.9-2020-q2-update.win32_2.0.0.202105311346/tools/bin/../lib/gcc/arm-none-eabi/9.3.1/../../../../arm-none-eabi/lib/thumb/v7-m/nofp\libc_nano.a(lib_a-sprintf.o)
 .ARM.attributes
                0x00000000000003c2       0x17 c:/st/stm32cubeide_1.8.0/stm32cubeide/plugins/com.st.stm32cube.ide.mcu.externaltools.gnu-tools-for-stm32.9-2020-q2-update.win32_2.0.0.202105311346/tools/bin/../lib/gcc/arm-none-eabi/9.3.1/../../../../arm-none-eabi/lib/thumb/v7-m/nofp\libc_nano.a(lib_a-strlen.o)
 .ARM.attributes
                0x00000000000003d9       0x2d c:/st/stm32cubeide_1.8.0/stm32cubeide/plugins/com.st.stm32cube.ide.mcu.externaltools.gnu-tools-for-stm32.9-2020-q2-update.win32_2.0.0.202105311346/tools/bin/../lib/gcc/arm-none-eabi/9.3.1/../../../../arm-none-eabi/lib/thumb/v7-m/nofp\libc_nano.a(lib_a-strstr.o)
 .ARM.attributes
                0x0000000000000406       0x2d c:/st/stm32cubeide_1.8.0/stm32cubeide/plugins/com.st.stm32cube.ide.mcu.externaltools.gnu-tools-for-stm32.9-2020-q2-update.win32_2.0.0.202105311346/tools/bin/../lib/gcc/arm-none-eabi/9.3.1/../../../../arm-none-eabi/lib/thumb/v7-m/nofp\libc_nano.a(lib_a-nano-svfprintf.o)
 .ARM.attributes
                0x0000000000000433       0x2d c:/st/stm32cubeide_1.8.0/stm32cubeide/plugins/com.st.stm32cube.ide.mcu.externaltools.gnu-tools-for-stm32.9-2020-q2-update.win32_2.0.0.202105311346/tools/bin/../lib/gcc/arm-none-eabi/9.3.1/../../../../arm-none-eabi/lib/thumb/v7-m/nofp\libc_nano.a(lib_a-nano-vfprintf_i.o)
 .ARM.attributes
                0x0000000000000460       0x2d c:/st/stm32cubeide_1.8.0/stm32cubeide/plugins/com.st.stm32cube.ide.mcu.externaltools.gnu-tools-for-stm32.9-2020-q2-update.win32_2.0.0.202105311346/tools/bin/../lib/gcc/arm-none-eabi/9.3.1/../../../../arm-none-eabi/lib/thumb/v7-m/nofp\libc_nano.a(lib_a-memchr-stub.o)
 .ARM.attributes
                0x000000000000048d       0x2d c:/st/stm32cubeide_1.8.0/stm32cubeide/plugins/com.st.stm32cube.ide.mcu.externaltools.gnu-tools-for-stm32.9-2020-q2-update.win32_2.0.0.202105311346/tools/bin/../lib/gcc/arm-none-eabi/9.3.1/../../../../arm-none-eabi/lib/thumb/v7-m/nofp\libc_nano.a(lib_a-memcpy-stub.o)
 .ARM.attributes
                0x00000000000004ba       0x2d c:/st/stm32cubeide_1.8.0/stm32cubeide/plugins/com.st.stm32cube.ide.mcu.externaltools.gnu-tools-for-stm32.9-2020-q2-update.win32_2.0.0.202105311346/tools/bin/../lib/gcc/arm-none-eabi/9.3.1/../../../../arm-none-eabi/lib/thumb/v7-m/nofp\libc_nano.a(lib_a-memmove.o)
 .ARM.attributes
                0x00000000000004e7       0x2d c:/st/stm32cubeide_1.8.0/stm32cubeide/plugins/com.st.stm32cube.ide.mcu.externaltools.gnu-tools-for-stm32.9-2020-q2-update.win32_2.0.0.202105311346/tools/bin/../lib/gcc/arm-none-eabi/9.3.1/../../../../arm-none-eabi/lib/thumb/v7-m/nofp\libc_nano.a(lib_a-nano-freer.o)
 .ARM.attributes
                0x0000000000000514       0x2d c:/st/stm32cubeide_1.8.0/stm32cubeide/plugins/com.st.stm32cube.ide.mcu.externaltools.gnu-tools-for-stm32.9-2020-q2-update.win32_2.0.0.202105311346/tools/bin/../lib/gcc/arm-none-eabi/9.3.1/../../../../arm-none-eabi/lib/thumb/v7-m/nofp\libc_nano.a(lib_a-nano-mallocr.o)
 .ARM.attributes
                0x0000000000000541       0x2d c:/st/stm32cubeide_1.8.0/stm32cubeide/plugins/com.st.stm32cube.ide.mcu.externaltools.gnu-tools-for-stm32.9-2020-q2-update.win32_2.0.0.202105311346/tools/bin/../lib/gcc/arm-none-eabi/9.3.1/../../../../arm-none-eabi/lib/thumb/v7-m/nofp\libc_nano.a(lib_a-nano-reallocr.o)
 .ARM.attributes
                0x000000000000056e       0x2d c:/st/stm32cubeide_1.8.0/stm32cubeide/plugins/com.st.stm32cube.ide.mcu.externaltools.gnu-tools-for-stm32.9-2020-q2-update.win32_2.0.0.202105311346/tools/bin/../lib/gcc/arm-none-eabi/9.3.1/../../../../arm-none-eabi/lib/thumb/v7-m/nofp\libc_nano.a(lib_a-sbrkr.o)
 .ARM.attributes
                0x000000000000059b       0x2d c:/st/stm32cubeide_1.8.0/stm32cubeide/plugins/com.st.stm32cube.ide.mcu.externaltools.gnu-tools-for-stm32.9-2020-q2-update.win32_2.0.0.202105311346/tools/bin/../lib/gcc/arm-none-eabi/9.3.1/../../../../arm-none-eabi/lib/thumb/v7-m/nofp\libc_nano.a(lib_a-mlock.o)
 .ARM.attributes
                0x00000000000005c8       0x2d c:/st/stm32cubeide_1.8.0/stm32cubeide/plugins/com.st.stm32cube.ide.mcu.externaltools.gnu-tools-for-stm32.9-2020-q2-update.win32_2.0.0.202105311346/tools/bin/../lib/gcc/arm-none-eabi/9.3.1/../../../../arm-none-eabi/lib/thumb/v7-m/nofp\libc_nano.a(lib_a-nano-msizer.o)
 .ARM.attributes
                0x00000000000005f5       0x2d c:/st/stm32cubeide_1.8.0/stm32cubeide/plugins/com.st.stm32cube.ide.mcu.externaltools.gnu-tools-for-stm32.9-2020-q2-update.win32_2.0.0.202105311346/tools/bin/../lib/gcc/arm-none-eabi/9.3.1/../../../../arm-none-eabi/lib/thumb/v7-m/nofp\libc_nano.a(lib_a-reent.o)
 .ARM.attributes
                0x0000000000000622       0x2d c:/st/stm32cubeide_1.8.0/stm32cubeide/plugins/com.st.stm32cube.ide.mcu.externaltools.gnu-tools-for-stm32.9-2020-q2-update.win32_2.0.0.202105311346/tools/bin/../lib/gcc/arm-none-eabi/9.3.1/../../../../arm-none-eabi/lib/thumb/v7-m/nofp\libc_nano.a(lib_a-lock.o)
 .ARM.attributes
                0x000000000000064f       0x1d c:/st/stm32cubeide_1.8.0/stm32cubeide/plugins/com.st.stm32cube.ide.mcu.externaltools.gnu-tools-for-stm32.9-2020-q2-update.win32_2.0.0.202105311346/tools/bin/../lib/gcc/arm-none-eabi/9.3.1/thumb/v7-m/nofp\libgcc.a(_aeabi_uldivmod.o)
 .ARM.attributes
                0x000000000000066c       0x2d c:/st/stm32cubeide_1.8.0/stm32cubeide/plugins/com.st.stm32cube.ide.mcu.externaltools.gnu-tools-for-stm32.9-2020-q2-update.win32_2.0.0.202105311346/tools/bin/../lib/gcc/arm-none-eabi/9.3.1/thumb/v7-m/nofp\libgcc.a(_udivmoddi4.o)
 .ARM.attributes
                0x0000000000000699       0x1d c:/st/stm32cubeide_1.8.0/stm32cubeide/plugins/com.st.stm32cube.ide.mcu.externaltools.gnu-tools-for-stm32.9-2020-q2-update.win32_2.0.0.202105311346/tools/bin/../lib/gcc/arm-none-eabi/9.3.1/thumb/v7-m/nofp\libgcc.a(_dvmd_tls.o)
 .ARM.attributes
                0x00000000000006b6       0x1d c:/st/stm32cubeide_1.8.0/stm32cubeide/plugins/com.st.stm32cube.ide.mcu.externaltools.gnu-tools-for-stm32.9-2020-q2-update.win32_2.0.0.202105311346/tools/bin/../lib/gcc/arm-none-eabi/9.3.1/thumb/v7-m/nofp/crtn.o
OUTPUT(OTAFIRMWARE.elf elf32-littlearm)
LOAD linker stubs
LOAD c:/st/stm32cubeide_1.8.0/stm32cubeide/plugins/com.st.stm32cube.ide.mcu.externaltools.gnu-tools-for-stm32.9-2020-q2-update.win32_2.0.0.202105311346/tools/bin/../lib/gcc/arm-none-eabi/9.3.1/../../../../arm-none-eabi/lib/thumb/v7-m/nofp\libc.a
LOAD c:/st/stm32cubeide_1.8.0/stm32cubeide/plugins/com.st.stm32cube.ide.mcu.externaltools.gnu-tools-for-stm32.9-2020-q2-update.win32_2.0.0.202105311346/tools/bin/../lib/gcc/arm-none-eabi/9.3.1/../../../../arm-none-eabi/lib/thumb/v7-m/nofp\libm.a
LOAD c:/st/stm32cubeide_1.8.0/stm32cubeide/plugins/com.st.stm32cube.ide.mcu.externaltools.gnu-tools-for-stm32.9-2020-q2-update.win32_2.0.0.202105311346/tools/bin/../lib/gcc/arm-none-eabi/9.3.1/thumb/v7-m/nofp\libgcc.a

.debug_info     0x0000000000000000     0x9a35
 .debug_info    0x0000000000000000     0x1c00 ./Core/Src/main.o
 .debug_info    0x0000000000001c00      0xbca ./Core/Src/stm32l1xx_hal_msp.o
 .debug_info    0x00000000000027ca      0x8d1 ./Core/Src/stm32l1xx_it.o
 .debug_info    0x000000000000309b      0xa25 ./Core/Src/sysmem.o
 .debug_info    0x0000000000003ac0      0x4b3 ./Core/Src/system_stm32l1xx.o
 .debug_info    0x0000000000003f73       0x22 ./Core/Startup/startup_stm32l152cctx.o
 .debug_info    0x0000000000003f95      0x771 ./Drivers/STM32L1xx_HAL_Driver/Src/stm32l1xx_hal.o
 .debug_info    0x0000000000004706      0xe26 ./Drivers/STM32L1xx_HAL_Driver/Src/stm32l1xx_hal_cortex.o
 .debug_info    0x000000000000552c      0x464 ./Drivers/STM32L1xx_HAL_Driver/Src/stm32l1xx_hal_crc.o
 .debug_info    0x0000000000005990      0x803 ./Drivers/STM32L1xx_HAL_Driver/Src/stm32l1xx_hal_dma.o
 .debug_info    0x0000000000006193      0x549 ./Drivers/STM32L1xx_HAL_Driver/Src/stm32l1xx_hal_flash.o
 .debug_info    0x00000000000066dc      0x704 ./Drivers/STM32L1xx_HAL_Driver/Src/stm32l1xx_hal_gpio.o
 .debug_info    0x0000000000006de0      0x9b9 ./Drivers/STM32L1xx_HAL_Driver/Src/stm32l1xx_hal_rcc.o
 .debug_info    0x0000000000007799     0x160e ./Drivers/STM32L1xx_HAL_Driver/Src/stm32l1xx_hal_uart.o
 .debug_info    0x0000000000008da7      0xc8e ./OTA/FLASH/flash.o

.debug_abbrev   0x0000000000000000     0x1edb
 .debug_abbrev  0x0000000000000000      0x3bf ./Core/Src/main.o
 .debug_abbrev  0x00000000000003bf      0x1d1 ./Core/Src/stm32l1xx_hal_msp.o
 .debug_abbrev  0x0000000000000590      0x1b3 ./Core/Src/stm32l1xx_it.o
 .debug_abbrev  0x0000000000000743      0x1bf ./Core/Src/sysmem.o
 .debug_abbrev  0x0000000000000902      0x129 ./Core/Src/system_stm32l1xx.o
 .debug_abbrev  0x0000000000000a2b       0x12 ./Core/Startup/startup_stm32l152cctx.o
 .debug_abbrev  0x0000000000000a3d      0x24b ./Drivers/STM32L1xx_HAL_Driver/Src/stm32l1xx_hal.o
 .debug_abbrev  0x0000000000000c88      0x33c ./Drivers/STM32L1xx_HAL_Driver/Src/stm32l1xx_hal_cortex.o
 .debug_abbrev  0x0000000000000fc4      0x1ae ./Drivers/STM32L1xx_HAL_Driver/Src/stm32l1xx_hal_crc.o
 .debug_abbrev  0x0000000000001172      0x230 ./Drivers/STM32L1xx_HAL_Driver/Src/stm32l1xx_hal_dma.o
 .debug_abbrev  0x00000000000013a2      0x237 ./Drivers/STM32L1xx_HAL_Driver/Src/stm32l1xx_hal_flash.o
 .debug_abbrev  0x00000000000015d9      0x1f1 ./Drivers/STM32L1xx_HAL_Driver/Src/stm32l1xx_hal_gpio.o
 .debug_abbrev  0x00000000000017ca      0x268 ./Drivers/STM32L1xx_HAL_Driver/Src/stm32l1xx_hal_rcc.o
 .debug_abbrev  0x0000000000001a32      0x29c ./Drivers/STM32L1xx_HAL_Driver/Src/stm32l1xx_hal_uart.o
 .debug_abbrev  0x0000000000001cce      0x20d ./OTA/FLASH/flash.o

.debug_aranges  0x0000000000000000      0x840
 .debug_aranges
                0x0000000000000000       0x98 ./Core/Src/main.o
 .debug_aranges
                0x0000000000000098       0x40 ./Core/Src/stm32l1xx_hal_msp.o
 .debug_aranges
                0x00000000000000d8       0x78 ./Core/Src/stm32l1xx_it.o
 .debug_aranges
                0x0000000000000150       0x20 ./Core/Src/sysmem.o
 .debug_aranges
                0x0000000000000170       0x28 ./Core/Src/system_stm32l1xx.o
 .debug_aranges
                0x0000000000000198       0x28 ./Core/Startup/startup_stm32l152cctx.o
 .debug_aranges
                0x00000000000001c0       0xe0 ./Drivers/STM32L1xx_HAL_Driver/Src/stm32l1xx_hal.o
 .debug_aranges
                0x00000000000002a0      0x118 ./Drivers/STM32L1xx_HAL_Driver/Src/stm32l1xx_hal_cortex.o
 .debug_aranges
                0x00000000000003b8       0x50 ./Drivers/STM32L1xx_HAL_Driver/Src/stm32l1xx_hal_crc.o
 .debug_aranges
                0x0000000000000408       0x80 ./Drivers/STM32L1xx_HAL_Driver/Src/stm32l1xx_hal_dma.o
 .debug_aranges
                0x0000000000000488       0x80 ./Drivers/STM32L1xx_HAL_Driver/Src/stm32l1xx_hal_flash.o
 .debug_aranges
                0x0000000000000508       0x58 ./Drivers/STM32L1xx_HAL_Driver/Src/stm32l1xx_hal_gpio.o
 .debug_aranges
                0x0000000000000560       0x90 ./Drivers/STM32L1xx_HAL_Driver/Src/stm32l1xx_hal_rcc.o
 .debug_aranges
                0x00000000000005f0      0x200 ./Drivers/STM32L1xx_HAL_Driver/Src/stm32l1xx_hal_uart.o
 .debug_aranges
                0x00000000000007f0       0x50 ./OTA/FLASH/flash.o

.debug_ranges   0x0000000000000000      0x788
 .debug_ranges  0x0000000000000000       0x88 ./Core/Src/main.o
 .debug_ranges  0x0000000000000088       0x30 ./Core/Src/stm32l1xx_hal_msp.o
 .debug_ranges  0x00000000000000b8       0x68 ./Core/Src/stm32l1xx_it.o
 .debug_ranges  0x0000000000000120       0x10 ./Core/Src/sysmem.o
 .debug_ranges  0x0000000000000130       0x18 ./Core/Src/system_stm32l1xx.o
 .debug_ranges  0x0000000000000148       0x20 ./Core/Startup/startup_stm32l152cctx.o
 .debug_ranges  0x0000000000000168       0xd0 ./Drivers/STM32L1xx_HAL_Driver/Src/stm32l1xx_hal.o
 .debug_ranges  0x0000000000000238      0x108 ./Drivers/STM32L1xx_HAL_Driver/Src/stm32l1xx_hal_cortex.o
 .debug_ranges  0x0000000000000340       0x40 ./Drivers/STM32L1xx_HAL_Driver/Src/stm32l1xx_hal_crc.o
 .debug_ranges  0x0000000000000380       0x70 ./Drivers/STM32L1xx_HAL_Driver/Src/stm32l1xx_hal_dma.o
 .debug_ranges  0x00000000000003f0       0x70 ./Drivers/STM32L1xx_HAL_Driver/Src/stm32l1xx_hal_flash.o
 .debug_ranges  0x0000000000000460       0x48 ./Drivers/STM32L1xx_HAL_Driver/Src/stm32l1xx_hal_gpio.o
 .debug_ranges  0x00000000000004a8       0x80 ./Drivers/STM32L1xx_HAL_Driver/Src/stm32l1xx_hal_rcc.o
 .debug_ranges  0x0000000000000528      0x220 ./Drivers/STM32L1xx_HAL_Driver/Src/stm32l1xx_hal_uart.o
 .debug_ranges  0x0000000000000748       0x40 ./OTA/FLASH/flash.o

.debug_macro    0x0000000000000000    0x15add
 .debug_macro   0x0000000000000000      0x408 ./Core/Src/main.o
 .debug_macro   0x0000000000000408      0xa9c ./Core/Src/main.o
 .debug_macro   0x0000000000000ea4      0x10f ./Core/Src/main.o
 .debug_macro   0x0000000000000fb3       0x2e ./Core/Src/main.o
 .debug_macro   0x0000000000000fe1       0x22 ./Core/Src/main.o
 .debug_macro   0x0000000000001003       0x22 ./Core/Src/main.o
 .debug_macro   0x0000000000001025       0x8e ./Core/Src/main.o
 .debug_macro   0x00000000000010b3       0x51 ./Core/Src/main.o
 .debug_macro   0x0000000000001104      0x103 ./Core/Src/main.o
 .debug_macro   0x0000000000001207       0x6a ./Core/Src/main.o
 .debug_macro   0x0000000000001271      0x1df ./Core/Src/main.o
 .debug_macro   0x0000000000001450       0x1c ./Core/Src/main.o
 .debug_macro   0x000000000000146c       0x22 ./Core/Src/main.o
 .debug_macro   0x000000000000148e       0xc3 ./Core/Src/main.o
 .debug_macro   0x0000000000001551      0xe49 ./Core/Src/main.o
 .debug_macro   0x000000000000239a      0x11f ./Core/Src/main.o
 .debug_macro   0x00000000000024b9     0xb1a4 ./Core/Src/main.o
 .debug_macro   0x000000000000d65d       0x6d ./Core/Src/main.o
 .debug_macro   0x000000000000d6ca     0x34ca ./Core/Src/main.o
 .debug_macro   0x0000000000010b94      0x174 ./Core/Src/main.o
 .debug_macro   0x0000000000010d08       0x5b ./Core/Src/main.o
 .debug_macro   0x0000000000010d63      0xe38 ./Core/Src/main.o
 .debug_macro   0x0000000000011b9b      0x243 ./Core/Src/main.o
 .debug_macro   0x0000000000011dde      0x1b9 ./Core/Src/main.o
 .debug_macro   0x0000000000011f97       0xb9 ./Core/Src/main.o
 .debug_macro   0x0000000000012050      0x21e ./Core/Src/main.o
 .debug_macro   0x000000000001226e      0x236 ./Core/Src/main.o
 .debug_macro   0x00000000000124a4       0x22 ./Core/Src/main.o
 .debug_macro   0x00000000000124c6      0x116 ./Core/Src/main.o
 .debug_macro   0x00000000000125dc      0x56e ./Core/Src/main.o
 .debug_macro   0x0000000000012b4a      0x1e9 ./Core/Src/main.o
 .debug_macro   0x0000000000012d33       0x22 ./Core/Src/main.o
 .debug_macro   0x0000000000012d55      0x295 ./Core/Src/main.o
 .debug_macro   0x0000000000012fea      0x162 ./Core/Src/main.o
 .debug_macro   0x000000000001314c      0x3ff ./Core/Src/main.o
 .debug_macro   0x000000000001354b       0x10 ./Core/Src/main.o
 .debug_macro   0x000000000001355b       0x52 ./Core/Src/main.o
 .debug_macro   0x00000000000135ad       0x18 ./Core/Src/main.o
 .debug_macro   0x00000000000135c5       0x3c ./Core/Src/main.o
 .debug_macro   0x0000000000013601       0x34 ./Core/Src/main.o
 .debug_macro   0x0000000000013635       0x16 ./Core/Src/main.o
 .debug_macro   0x000000000001364b       0x43 ./Core/Src/main.o
 .debug_macro   0x000000000001368e       0x34 ./Core/Src/main.o
 .debug_macro   0x00000000000136c2       0x10 ./Core/Src/main.o
 .debug_macro   0x00000000000136d2       0x58 ./Core/Src/main.o
 .debug_macro   0x000000000001372a       0x71 ./Core/Src/main.o
 .debug_macro   0x000000000001379b       0x1c ./Core/Src/main.o
 .debug_macro   0x00000000000137b7      0x12a ./Core/Src/main.o
 .debug_macro   0x00000000000138e1      0x333 ./Core/Src/main.o
 .debug_macro   0x0000000000013c14       0x10 ./Core/Src/main.o
 .debug_macro   0x0000000000013c24       0x35 ./Core/Src/main.o
 .debug_macro   0x0000000000013c59       0x20 ./Core/Src/main.o
 .debug_macro   0x0000000000013c79       0x1c ./Core/Src/main.o
 .debug_macro   0x0000000000013c95       0x10 ./Core/Src/main.o
 .debug_macro   0x0000000000013ca5       0x10 ./Core/Src/main.o
 .debug_macro   0x0000000000013cb5       0x1c ./Core/Src/main.o
 .debug_macro   0x0000000000013cd1       0x52 ./Core/Src/main.o
 .debug_macro   0x0000000000013d23       0x22 ./Core/Src/main.o
 .debug_macro   0x0000000000013d45       0x10 ./Core/Src/main.o
 .debug_macro   0x0000000000013d55       0x40 ./Core/Src/main.o
 .debug_macro   0x0000000000013d95       0xd5 ./Core/Src/main.o
 .debug_macro   0x0000000000013e6a       0x1c ./Core/Src/main.o
 .debug_macro   0x0000000000013e86       0x3d ./Core/Src/main.o
 .debug_macro   0x0000000000013ec3       0x16 ./Core/Src/main.o
 .debug_macro   0x0000000000013ed9      0x145 ./Core/Src/main.o
 .debug_macro   0x000000000001401e       0x16 ./Core/Src/main.o
 .debug_macro   0x0000000000014034       0x16 ./Core/Src/main.o
 .debug_macro   0x000000000001404a       0x29 ./Core/Src/main.o
 .debug_macro   0x0000000000014073       0x22 ./Core/Src/main.o
 .debug_macro   0x0000000000014095      0x1b4 ./Core/Src/stm32l1xx_hal_msp.o
 .debug_macro   0x0000000000014249      0x1be ./Core/Src/stm32l1xx_it.o
 .debug_macro   0x0000000000014407       0xff ./Core/Src/sysmem.o
 .debug_macro   0x0000000000014506      0x23b ./Core/Src/sysmem.o
 .debug_macro   0x0000000000014741      0x1b7 ./Core/Src/system_stm32l1xx.o
 .debug_macro   0x00000000000148f8      0x1c9 ./Drivers/STM32L1xx_HAL_Driver/Src/stm32l1xx_hal.o
 .debug_macro   0x0000000000014ac1      0x1a5 ./Drivers/STM32L1xx_HAL_Driver/Src/stm32l1xx_hal_cortex.o
 .debug_macro   0x0000000000014c66      0x1a5 ./Drivers/STM32L1xx_HAL_Driver/Src/stm32l1xx_hal_crc.o
 .debug_macro   0x0000000000014e0b      0x1a5 ./Drivers/STM32L1xx_HAL_Driver/Src/stm32l1xx_hal_dma.o
 .debug_macro   0x0000000000014fb0      0x1a6 ./Drivers/STM32L1xx_HAL_Driver/Src/stm32l1xx_hal_flash.o
 .debug_macro   0x0000000000015156      0x1ac ./Drivers/STM32L1xx_HAL_Driver/Src/stm32l1xx_hal_gpio.o
 .debug_macro   0x0000000000015302      0x1b7 ./Drivers/STM32L1xx_HAL_Driver/Src/stm32l1xx_hal_rcc.o
 .debug_macro   0x00000000000154b9      0x1a6 ./Drivers/STM32L1xx_HAL_Driver/Src/stm32l1xx_hal_uart.o
 .debug_macro   0x000000000001565f      0x36c ./OTA/FLASH/flash.o
 .debug_macro   0x00000000000159cb       0xbd ./OTA/FLASH/flash.o
 .debug_macro   0x0000000000015a88       0x55 ./OTA/FLASH/flash.o

.debug_line     0x0000000000000000     0x988b
 .debug_line    0x0000000000000000      0xd44 ./Core/Src/main.o
 .debug_line    0x0000000000000d44      0x73f ./Core/Src/stm32l1xx_hal_msp.o
 .debug_line    0x0000000000001483      0x7cf ./Core/Src/stm32l1xx_it.o
 .debug_line    0x0000000000001c52      0x4f8 ./Core/Src/sysmem.o
 .debug_line    0x000000000000214a      0x737 ./Core/Src/system_stm32l1xx.o
 .debug_line    0x0000000000002881       0x87 ./Core/Startup/startup_stm32l152cctx.o
 .debug_line    0x0000000000002908      0x956 ./Drivers/STM32L1xx_HAL_Driver/Src/stm32l1xx_hal.o
 .debug_line    0x000000000000325e      0xc23 ./Drivers/STM32L1xx_HAL_Driver/Src/stm32l1xx_hal_cortex.o
 .debug_line    0x0000000000003e81      0x7d9 ./Drivers/STM32L1xx_HAL_Driver/Src/stm32l1xx_hal_crc.o
 .debug_line    0x000000000000465a      0xbdf ./Drivers/STM32L1xx_HAL_Driver/Src/stm32l1xx_hal_dma.o
 .debug_line    0x0000000000005239      0x9b4 ./Drivers/STM32L1xx_HAL_Driver/Src/stm32l1xx_hal_flash.o
 .debug_line    0x0000000000005bed      0x9a8 ./Drivers/STM32L1xx_HAL_Driver/Src/stm32l1xx_hal_gpio.o
 .debug_line    0x0000000000006595      0xe5d ./Drivers/STM32L1xx_HAL_Driver/Src/stm32l1xx_hal_rcc.o
 .debug_line    0x00000000000073f2     0x1a32 ./Drivers/STM32L1xx_HAL_Driver/Src/stm32l1xx_hal_uart.o
 .debug_line    0x0000000000008e24      0xa67 ./OTA/FLASH/flash.o

.debug_str      0x0000000000000000    0x82c48
 .debug_str     0x0000000000000000    0x80ef7 ./Core/Src/main.o
                                      0x812aa (size before relaxing)
 .debug_str     0x0000000000080ef7       0x72 ./Core/Src/stm32l1xx_hal_msp.o
                                      0x7c8b3 (size before relaxing)
 .debug_str     0x0000000000080f69       0xe8 ./Core/Src/stm32l1xx_it.o
                                      0x7c4af (size before relaxing)
 .debug_str     0x0000000000081051      0x4e9 ./Core/Src/sysmem.o
                                       0x625a (size before relaxing)
 .debug_str     0x000000000008153a       0xb5 ./Core/Src/system_stm32l1xx.o
                                      0x7c0c1 (size before relaxing)
 .debug_str     0x00000000000815ef       0x36 ./Core/Startup/startup_stm32l152cctx.o
                                         0x6e (size before relaxing)
 .debug_str     0x0000000000081625      0x2f0 ./Drivers/STM32L1xx_HAL_Driver/Src/stm32l1xx_hal.o
                                      0x7c6ec (size before relaxing)
 .debug_str     0x0000000000081915      0x3bb ./Drivers/STM32L1xx_HAL_Driver/Src/stm32l1xx_hal_cortex.o
                                      0x7c81e (size before relaxing)
 .debug_str     0x0000000000081cd0       0xa4 ./Drivers/STM32L1xx_HAL_Driver/Src/stm32l1xx_hal_crc.o
                                      0x7c14e (size before relaxing)
 .debug_str     0x0000000000081d74      0x252 ./Drivers/STM32L1xx_HAL_Driver/Src/stm32l1xx_hal_dma.o
                                      0x7c3d2 (size before relaxing)
 .debug_str     0x0000000000081fc6      0x243 ./Drivers/STM32L1xx_HAL_Driver/Src/stm32l1xx_hal_flash.o
                                      0x7c230 (size before relaxing)
 .debug_str     0x0000000000082209      0x154 ./Drivers/STM32L1xx_HAL_Driver/Src/stm32l1xx_hal_gpio.o
                                      0x7c1ec (size before relaxing)
 .debug_str     0x000000000008235d      0x25e ./Drivers/STM32L1xx_HAL_Driver/Src/stm32l1xx_hal_rcc.o
                                      0x7c48d (size before relaxing)
 .debug_str     0x00000000000825bb      0x5de ./Drivers/STM32L1xx_HAL_Driver/Src/stm32l1xx_hal_uart.o
                                      0x7c9cf (size before relaxing)
 .debug_str     0x0000000000082b99       0xaf ./OTA/FLASH/flash.o
                                      0x8027d (size before relaxing)

.comment        0x0000000000000000       0x53
 .comment       0x0000000000000000       0x53 ./Core/Src/main.o
                                         0x54 (size before relaxing)
 .comment       0x0000000000000053       0x54 ./Core/Src/stm32l1xx_hal_msp.o
 .comment       0x0000000000000053       0x54 ./Core/Src/stm32l1xx_it.o
 .comment       0x0000000000000053       0x54 ./Core/Src/sysmem.o
 .comment       0x0000000000000053       0x54 ./Core/Src/system_stm32l1xx.o
 .comment       0x0000000000000053       0x54 ./Drivers/STM32L1xx_HAL_Driver/Src/stm32l1xx_hal.o
 .comment       0x0000000000000053       0x54 ./Drivers/STM32L1xx_HAL_Driver/Src/stm32l1xx_hal_cortex.o
 .comment       0x0000000000000053       0x54 ./Drivers/STM32L1xx_HAL_Driver/Src/stm32l1xx_hal_crc.o
 .comment       0x0000000000000053       0x54 ./Drivers/STM32L1xx_HAL_Driver/Src/stm32l1xx_hal_dma.o
 .comment       0x0000000000000053       0x54 ./Drivers/STM32L1xx_HAL_Driver/Src/stm32l1xx_hal_flash.o
 .comment       0x0000000000000053       0x54 ./Drivers/STM32L1xx_HAL_Driver/Src/stm32l1xx_hal_gpio.o
 .comment       0x0000000000000053       0x54 ./Drivers/STM32L1xx_HAL_Driver/Src/stm32l1xx_hal_rcc.o
 .comment       0x0000000000000053       0x54 ./Drivers/STM32L1xx_HAL_Driver/Src/stm32l1xx_hal_uart.o
 .comment       0x0000000000000053       0x54 ./OTA/FLASH/flash.o

.debug_frame    0x0000000000000000     0x2428
 .debug_frame   0x0000000000000000      0x20c ./Core/Src/main.o
 .debug_frame   0x000000000000020c       0xd0 ./Core/Src/stm32l1xx_hal_msp.o
 .debug_frame   0x00000000000002dc      0x168 ./Core/Src/stm32l1xx_it.o
 .debug_frame   0x0000000000000444       0x34 ./Core/Src/sysmem.o
 .debug_frame   0x0000000000000478       0x58 ./Core/Src/system_stm32l1xx.o
 .debug_frame   0x00000000000004d0      0x33c ./Drivers/STM32L1xx_HAL_Driver/Src/stm32l1xx_hal.o
 .debug_frame   0x000000000000080c      0x498 ./Drivers/STM32L1xx_HAL_Driver/Src/stm32l1xx_hal_cortex.o
 .debug_frame   0x0000000000000ca4      0x120 ./Drivers/STM32L1xx_HAL_Driver/Src/stm32l1xx_hal_crc.o
 .debug_frame   0x0000000000000dc4      0x204 ./Drivers/STM32L1xx_HAL_Driver/Src/stm32l1xx_hal_dma.o
 .debug_frame   0x0000000000000fc8      0x1d8 ./Drivers/STM32L1xx_HAL_Driver/Src/stm32l1xx_hal_flash.o
 .debug_frame   0x00000000000011a0      0x14c ./Drivers/STM32L1xx_HAL_Driver/Src/stm32l1xx_hal_gpio.o
 .debug_frame   0x00000000000012ec      0x21c ./Drivers/STM32L1xx_HAL_Driver/Src/stm32l1xx_hal_rcc.o
 .debug_frame   0x0000000000001508      0x914 ./Drivers/STM32L1xx_HAL_Driver/Src/stm32l1xx_hal_uart.o
 .debug_frame   0x0000000000001e1c      0x110 ./OTA/FLASH/flash.o
 .debug_frame   0x0000000000001f2c       0x20 c:/st/stm32cubeide_1.8.0/stm32cubeide/plugins/com.st.stm32cube.ide.mcu.externaltools.gnu-tools-for-stm32.9-2020-q2-update.win32_2.0.0.202105311346/tools/bin/../lib/gcc/arm-none-eabi/9.3.1/../../../../arm-none-eabi/lib/thumb/v7-m/nofp\libc_nano.a(lib_a-errno.o)
 .debug_frame   0x0000000000001f4c       0x2c c:/st/stm32cubeide_1.8.0/stm32cubeide/plugins/com.st.stm32cube.ide.mcu.externaltools.gnu-tools-for-stm32.9-2020-q2-update.win32_2.0.0.202105311346/tools/bin/../lib/gcc/arm-none-eabi/9.3.1/../../../../arm-none-eabi/lib/thumb/v7-m/nofp\libc_nano.a(lib_a-init.o)
 .debug_frame   0x0000000000001f78       0x20 c:/st/stm32cubeide_1.8.0/stm32cubeide/plugins/com.st.stm32cube.ide.mcu.externaltools.gnu-tools-for-stm32.9-2020-q2-update.win32_2.0.0.202105311346/tools/bin/../lib/gcc/arm-none-eabi/9.3.1/../../../../arm-none-eabi/lib/thumb/v7-m/nofp\libc_nano.a(lib_a-memset.o)
 .debug_frame   0x0000000000001f98       0x6c c:/st/stm32cubeide_1.8.0/stm32cubeide/plugins/com.st.stm32cube.ide.mcu.externaltools.gnu-tools-for-stm32.9-2020-q2-update.win32_2.0.0.202105311346/tools/bin/../lib/gcc/arm-none-eabi/9.3.1/../../../../arm-none-eabi/lib/thumb/v7-m/nofp\libc_nano.a(lib_a-sprintf.o)
 .debug_frame   0x0000000000002004       0x30 c:/st/stm32cubeide_1.8.0/stm32cubeide/plugins/com.st.stm32cube.ide.mcu.externaltools.gnu-tools-for-stm32.9-2020-q2-update.win32_2.0.0.202105311346/tools/bin/../lib/gcc/arm-none-eabi/9.3.1/../../../../arm-none-eabi/lib/thumb/v7-m/nofp\libc_nano.a(lib_a-strstr.o)
 .debug_frame   0x0000000000002034       0x90 c:/st/stm32cubeide_1.8.0/stm32cubeide/plugins/com.st.stm32cube.ide.mcu.externaltools.gnu-tools-for-stm32.9-2020-q2-update.win32_2.0.0.202105311346/tools/bin/../lib/gcc/arm-none-eabi/9.3.1/../../../../arm-none-eabi/lib/thumb/v7-m/nofp\libc_nano.a(lib_a-nano-svfprintf.o)
 .debug_frame   0x00000000000020c4       0x60 c:/st/stm32cubeide_1.8.0/stm32cubeide/plugins/com.st.stm32cube.ide.mcu.externaltools.gnu-tools-for-stm32.9-2020-q2-update.win32_2.0.0.202105311346/tools/bin/../lib/gcc/arm-none-eabi/9.3.1/../../../../arm-none-eabi/lib/thumb/v7-m/nofp\libc_nano.a(lib_a-nano-vfprintf_i.o)
 .debug_frame   0x0000000000002124       0x28 c:/st/stm32cubeide_1.8.0/stm32cubeide/plugins/com.st.stm32cube.ide.mcu.externaltools.gnu-tools-for-stm32.9-2020-q2-update.win32_2.0.0.202105311346/tools/bin/../lib/gcc/arm-none-eabi/9.3.1/../../../../arm-none-eabi/lib/thumb/v7-m/nofp\libc_nano.a(lib_a-memchr-stub.o)
 .debug_frame   0x000000000000214c       0x28 c:/st/stm32cubeide_1.8.0/stm32cubeide/plugins/com.st.stm32cube.ide.mcu.externaltools.gnu-tools-for-stm32.9-2020-q2-update.win32_2.0.0.202105311346/tools/bin/../lib/gcc/arm-none-eabi/9.3.1/../../../../arm-none-eabi/lib/thumb/v7-m/nofp\libc_nano.a(lib_a-memcpy-stub.o)
 .debug_frame   0x0000000000002174       0x28 c:/st/stm32cubeide_1.8.0/stm32cubeide/plugins/com.st.stm32cube.ide.mcu.externaltools.gnu-tools-for-stm32.9-2020-q2-update.win32_2.0.0.202105311346/tools/bin/../lib/gcc/arm-none-eabi/9.3.1/../../../../arm-none-eabi/lib/thumb/v7-m/nofp\libc_nano.a(lib_a-memmove.o)
 .debug_frame   0x000000000000219c       0x38 c:/st/stm32cubeide_1.8.0/stm32cubeide/plugins/com.st.stm32cube.ide.mcu.externaltools.gnu-tools-for-stm32.9-2020-q2-update.win32_2.0.0.202105311346/tools/bin/../lib/gcc/arm-none-eabi/9.3.1/../../../../arm-none-eabi/lib/thumb/v7-m/nofp\libc_nano.a(lib_a-nano-freer.o)
 .debug_frame   0x00000000000021d4       0x30 c:/st/stm32cubeide_1.8.0/stm32cubeide/plugins/com.st.stm32cube.ide.mcu.externaltools.gnu-tools-for-stm32.9-2020-q2-update.win32_2.0.0.202105311346/tools/bin/../lib/gcc/arm-none-eabi/9.3.1/../../../../arm-none-eabi/lib/thumb/v7-m/nofp\libc_nano.a(lib_a-nano-mallocr.o)
 .debug_frame   0x0000000000002204       0x3c c:/st/stm32cubeide_1.8.0/stm32cubeide/plugins/com.st.stm32cube.ide.mcu.externaltools.gnu-tools-for-stm32.9-2020-q2-update.win32_2.0.0.202105311346/tools/bin/../lib/gcc/arm-none-eabi/9.3.1/../../../../arm-none-eabi/lib/thumb/v7-m/nofp\libc_nano.a(lib_a-nano-reallocr.o)
 .debug_frame   0x0000000000002240       0x2c c:/st/stm32cubeide_1.8.0/stm32cubeide/plugins/com.st.stm32cube.ide.mcu.externaltools.gnu-tools-for-stm32.9-2020-q2-update.win32_2.0.0.202105311346/tools/bin/../lib/gcc/arm-none-eabi/9.3.1/../../../../arm-none-eabi/lib/thumb/v7-m/nofp\libc_nano.a(lib_a-sbrkr.o)
 .debug_frame   0x000000000000226c       0x30 c:/st/stm32cubeide_1.8.0/stm32cubeide/plugins/com.st.stm32cube.ide.mcu.externaltools.gnu-tools-for-stm32.9-2020-q2-update.win32_2.0.0.202105311346/tools/bin/../lib/gcc/arm-none-eabi/9.3.1/../../../../arm-none-eabi/lib/thumb/v7-m/nofp\libc_nano.a(lib_a-mlock.o)
 .debug_frame   0x000000000000229c       0x20 c:/st/stm32cubeide_1.8.0/stm32cubeide/plugins/com.st.stm32cube.ide.mcu.externaltools.gnu-tools-for-stm32.9-2020-q2-update.win32_2.0.0.202105311346/tools/bin/../lib/gcc/arm-none-eabi/9.3.1/../../../../arm-none-eabi/lib/thumb/v7-m/nofp\libc_nano.a(lib_a-nano-msizer.o)
 .debug_frame   0x00000000000022bc       0x5c c:/st/stm32cubeide_1.8.0/stm32cubeide/plugins/com.st.stm32cube.ide.mcu.externaltools.gnu-tools-for-stm32.9-2020-q2-update.win32_2.0.0.202105311346/tools/bin/../lib/gcc/arm-none-eabi/9.3.1/../../../../arm-none-eabi/lib/thumb/v7-m/nofp\libc_nano.a(lib_a-reent.o)
 .debug_frame   0x0000000000002318       0xb0 c:/st/stm32cubeide_1.8.0/stm32cubeide/plugins/com.st.stm32cube.ide.mcu.externaltools.gnu-tools-for-stm32.9-2020-q2-update.win32_2.0.0.202105311346/tools/bin/../lib/gcc/arm-none-eabi/9.3.1/../../../../arm-none-eabi/lib/thumb/v7-m/nofp\libc_nano.a(lib_a-lock.o)
 .debug_frame   0x00000000000023c8       0x2c c:/st/stm32cubeide_1.8.0/stm32cubeide/plugins/com.st.stm32cube.ide.mcu.externaltools.gnu-tools-for-stm32.9-2020-q2-update.win32_2.0.0.202105311346/tools/bin/../lib/gcc/arm-none-eabi/9.3.1/thumb/v7-m/nofp\libgcc.a(_aeabi_uldivmod.o)
 .debug_frame   0x00000000000023f4       0x34 c:/st/stm32cubeide_1.8.0/stm32cubeide/plugins/com.st.stm32cube.ide.mcu.externaltools.gnu-tools-for-stm32.9-2020-q2-update.win32_2.0.0.202105311346/tools/bin/../lib/gcc/arm-none-eabi/9.3.1/thumb/v7-m/nofp\libgcc.a(_udivmoddi4.o)
